#
# There is insufficient memory for the Java Runtime Environment to continue.
# Native memory allocation (malloc) failed to allocate 1735728 bytes. Error detail: Chunk::new
# Possible reasons:
#   The system is out of physical RAM or swap space
#   This process is running with CompressedOops enabled, and the Java Heap may be blocking the growth of the native heap
# Possible solutions:
#   Reduce memory load on the system
#   Increase physical memory or swap space
#   Check if swap backing store is full
#   Decrease Java heap size (-Xmx/-Xms)
#   Decrease number of Java threads
#   Decrease Java thread stack sizes (-Xss)
#   Set larger code cache with -XX:ReservedCodeCacheSize=
#   JVM is running with Unscaled Compressed Oops mode in which the Java heap is
#     placed in the first 4GB address space. The Java Heap base address is the
#     maximum limit for the native heap growth. Please use -XX:HeapBaseMinAddress
#     to set the Java Heap base and to place the Java Heap above 4GB virtual address.
# This output file may be truncated or incomplete.
#
#  Out of Memory Error (arena.cpp:168), pid=21880, tid=17212
#
# JRE version: OpenJDK Runtime Environment (21.0.4) (build 21.0.4+-12508038-b607.1)
# Java VM: OpenJDK 64-Bit Server VM (21.0.4+-12508038-b607.1, mixed mode, tiered, compressed oops, compressed class ptrs, g1 gc, windows-amd64)
# No core dump will be written. Minidumps are not enabled by default on client versions of Windows
#

---------------  S U M M A R Y ------------

Command Line: --add-opens=java.base/java.util=ALL-UNNAMED --add-opens=java.base/java.lang=ALL-UNNAMED --add-opens=java.base/java.lang.invoke=ALL-UNNAMED --add-opens=java.prefs/java.util.prefs=ALL-UNNAMED --add-opens=java.base/java.nio.charset=ALL-UNNAMED --add-opens=java.base/java.net=ALL-UNNAMED --add-opens=java.base/java.util.concurrent.atomic=ALL-UNNAMED -Xmx2048m -Dfile.encoding=UTF-8 -Duser.country=IN -Duser.language=en -Duser.variant -javaagent:C:\Users\asus\.gradle\wrapper\dists\gradle-8.7-bin\bhs2wmbdwecv87pi65oeuq5iu\gradle-8.7\lib\agents\gradle-instrumentation-agent-8.7.jar org.gradle.launcher.daemon.bootstrap.GradleDaemon 8.7

Host: 11th Gen Intel(R) Core(TM) i5-1135G7 @ 2.40GHz, 8 cores, 7G,  Windows 11 , 64 bit Build 22621 (10.0.22621.2506)
Time: Thu Feb 13 00:22:39 2025 India Standard Time elapsed time: 8.700980 seconds (0d 0h 0m 8s)

---------------  T H R E A D  ---------------

Current thread (0x0000018af0c50b50):  JavaThread "C2 CompilerThread0" daemon [_thread_in_native, id=17212, stack(0x0000006391400000,0x0000006391500000) (1024K)]


Current CompileTask:
C2:   8701 4498   !   4       java.net.URLClassLoader$1::run (81 bytes)

Stack: [0x0000006391400000,0x0000006391500000]
Native frames: (J=compiled Java code, j=interpreted, Vv=VM code, C=native code)
V  [jvm.dll+0x6ce539]
V  [jvm.dll+0x85bf03]
V  [jvm.dll+0x85e45e]
V  [jvm.dll+0x85eb43]
V  [jvm.dll+0x27dd06]
V  [jvm.dll+0xbf9cd]
V  [jvm.dll+0xbff03]
V  [jvm.dll+0x3b4deb]
V  [jvm.dll+0x1de1f2]
V  [jvm.dll+0x247544]
V  [jvm.dll+0x2469c1]
V  [jvm.dll+0x1c58a4]
V  [jvm.dll+0x255fec]
V  [jvm.dll+0x254536]
V  [jvm.dll+0x3efab6]
V  [jvm.dll+0x804418]
V  [jvm.dll+0x6cce0d]
C  [ucrtbase.dll+0x29363]
C  [KERNEL32.DLL+0x1257d]
C  [ntdll.dll+0x5aa58]


---------------  P R O C E S S  ---------------

Threads class SMR info:
_java_thread_list=0x0000018af58fedf0, length=32, elements={
0x0000018ad93a2b50, 0x0000018af0c04800, 0x0000018af0c37360, 0x0000018af0c49550,
0x0000018af0c4a110, 0x0000018af0c4d5a0, 0x0000018af0c4f010, 0x0000018af0c50b50,
0x0000018af0c51d90, 0x0000018af0db0e00, 0x0000018af0f4d360, 0x0000018af62b97e0,
0x0000018af62b7da0, 0x0000018af62b7710, 0x0000018af62b8430, 0x0000018af62b7080,
0x0000018af62b8ac0, 0x0000018af62b9e70, 0x0000018af6f51070, 0x0000018af6f509e0,
0x0000018af6f54b80, 0x0000018af6f53e60, 0x0000018af6f50350, 0x0000018af704bc40,
0x0000018af6f544f0, 0x0000018af6f51700, 0x0000018af6f51d90, 0x0000018af6f565c0,
0x0000018af6f558a0, 0x0000018af6f4fcc0, 0x0000018af6f53140, 0x0000018af6f52ab0
}

Java Threads: ( => current thread )
  0x0000018ad93a2b50 JavaThread "main"                              [_thread_blocked, id=21452, stack(0x0000006390600000,0x0000006390700000) (1024K)]
  0x0000018af0c04800 JavaThread "Reference Handler"          daemon [_thread_blocked, id=15344, stack(0x0000006390e00000,0x0000006390f00000) (1024K)]
  0x0000018af0c37360 JavaThread "Finalizer"                  daemon [_thread_blocked, id=22120, stack(0x0000006390f00000,0x0000006391000000) (1024K)]
  0x0000018af0c49550 JavaThread "Signal Dispatcher"          daemon [_thread_blocked, id=14304, stack(0x0000006391000000,0x0000006391100000) (1024K)]
  0x0000018af0c4a110 JavaThread "Attach Listener"            daemon [_thread_blocked, id=5500, stack(0x0000006391100000,0x0000006391200000) (1024K)]
  0x0000018af0c4d5a0 JavaThread "Service Thread"             daemon [_thread_blocked, id=5392, stack(0x0000006391200000,0x0000006391300000) (1024K)]
  0x0000018af0c4f010 JavaThread "Monitor Deflation Thread"   daemon [_thread_blocked, id=1784, stack(0x0000006391300000,0x0000006391400000) (1024K)]
=>0x0000018af0c50b50 JavaThread "C2 CompilerThread0"         daemon [_thread_in_native, id=17212, stack(0x0000006391400000,0x0000006391500000) (1024K)]
  0x0000018af0c51d90 JavaThread "C1 CompilerThread0"         daemon [_thread_blocked, id=11864, stack(0x0000006391500000,0x0000006391600000) (1024K)]
  0x0000018af0db0e00 JavaThread "Common-Cleaner"             daemon [_thread_blocked, id=320, stack(0x0000006391600000,0x0000006391700000) (1024K)]
  0x0000018af0f4d360 JavaThread "Notification Thread"        daemon [_thread_blocked, id=22068, stack(0x0000006391700000,0x0000006391800000) (1024K)]
  0x0000018af62b97e0 JavaThread "Daemon health stats"               [_thread_blocked, id=14064, stack(0x0000006391d00000,0x0000006391e00000) (1024K)]
  0x0000018af62b7da0 JavaThread "Incoming local TCP Connector on port 58918"        [_thread_in_native, id=11268, stack(0x0000006391e00000,0x0000006391f00000) (1024K)]
  0x0000018af62b7710 JavaThread "Daemon periodic checks"            [_thread_blocked, id=13564, stack(0x0000006391f00000,0x0000006392000000) (1024K)]
  0x0000018af62b8430 JavaThread "Daemon"                            [_thread_blocked, id=4684, stack(0x0000006392000000,0x0000006392100000) (1024K)]
  0x0000018af62b7080 JavaThread "Handler for socket connection from /127.0.0.1:58918 to /127.0.0.1:58919"        [_thread_in_native, id=7544, stack(0x0000006392100000,0x0000006392200000) (1024K)]
  0x0000018af62b8ac0 JavaThread "Cancel handler"                    [_thread_blocked, id=12496, stack(0x0000006392200000,0x0000006392300000) (1024K)]
  0x0000018af62b9e70 JavaThread "Daemon worker"                     [_thread_in_native, id=11896, stack(0x0000006392300000,0x0000006392400000) (1024K)]
  0x0000018af6f51070 JavaThread "Asynchronous log dispatcher for DefaultDaemonConnection: socket connection from /127.0.0.1:58918 to /127.0.0.1:58919"        [_thread_blocked, id=15216, stack(0x0000006392400000,0x0000006392500000) (1024K)]
  0x0000018af6f509e0 JavaThread "Stdin handler"                     [_thread_blocked, id=9700, stack(0x0000006392500000,0x0000006392600000) (1024K)]
  0x0000018af6f54b80 JavaThread "Daemon client event forwarder"        [_thread_blocked, id=16252, stack(0x0000006392600000,0x0000006392700000) (1024K)]
  0x0000018af6f53e60 JavaThread "Cache worker for journal cache (C:\Users\asus\.gradle\caches\journal-1)"        [_thread_blocked, id=8956, stack(0x0000006391800000,0x0000006391900000) (1024K)]
  0x0000018af6f50350 JavaThread "File lock request listener"        [_thread_in_native, id=13108, stack(0x0000006392b00000,0x0000006392c00000) (1024K)]
  0x0000018af704bc40 JavaThread "C2 CompilerThread1"         daemon [_thread_in_native, id=17552, stack(0x0000006392c00000,0x0000006392d00000) (1024K)]
  0x0000018af6f544f0 JavaThread "Cache worker for file hash cache (C:\Users\asus\.gradle\caches\8.7\fileHashes)"        [_thread_blocked, id=19880, stack(0x0000006392d00000,0x0000006392e00000) (1024K)]
  0x0000018af6f51700 JavaThread "Cache worker for file hash cache (E:\Users\mkjl4\AndroidStudioProjects\HaveneraOwner\.gradle\8.7\fileHashes)"        [_thread_blocked, id=17776, stack(0x0000006392e00000,0x0000006392f00000) (1024K)]
  0x0000018af6f51d90 JavaThread "File watcher server"        daemon [_thread_in_native, id=11704, stack(0x0000006392f00000,0x0000006393000000) (1024K)]
  0x0000018af6f565c0 JavaThread "File watcher consumer"      daemon [_thread_blocked, id=20188, stack(0x0000006393000000,0x0000006393100000) (1024K)]
  0x0000018af6f558a0 JavaThread "Cache worker for checksums cache (E:\Users\mkjl4\AndroidStudioProjects\HaveneraOwner\.gradle\8.7\checksums)"        [_thread_blocked, id=10716, stack(0x0000006393100000,0x0000006393200000) (1024K)]
  0x0000018af6f4fcc0 JavaThread "Cache worker for cache directory md-supplier (C:\Users\asus\.gradle\caches\8.7\md-supplier)"        [_thread_blocked, id=8912, stack(0x0000006393200000,0x0000006393300000) (1024K)]
  0x0000018af6f53140 JavaThread "Cache worker for cache directory md-rule (C:\Users\asus\.gradle\caches\8.7\md-rule)"        [_thread_blocked, id=12564, stack(0x0000006393300000,0x0000006393400000) (1024K)]
  0x0000018af6f52ab0 JavaThread "Cache worker for file content cache (C:\Users\asus\.gradle\caches\8.7\fileContent)"        [_thread_blocked, id=13836, stack(0x0000006393400000,0x0000006393500000) (1024K)]
Total: 32

Other Threads:
  0x0000018af0a9e010 VMThread "VM Thread"                           [id=6112, stack(0x0000006390d00000,0x0000006390e00000) (1024K)]
  0x0000018af0a161c0 WatcherThread "VM Periodic Task Thread"        [id=12376, stack(0x0000006390c00000,0x0000006390d00000) (1024K)]
  0x0000018ad93faba0 WorkerThread "GC Thread#0"                     [id=13500, stack(0x0000006390700000,0x0000006390800000) (1024K)]
  0x0000018af5d4cd40 WorkerThread "GC Thread#1"                     [id=20412, stack(0x0000006391900000,0x0000006391a00000) (1024K)]
  0x0000018af5774e00 WorkerThread "GC Thread#2"                     [id=15760, stack(0x0000006391a00000,0x0000006391b00000) (1024K)]
  0x0000018af5c82e90 WorkerThread "GC Thread#3"                     [id=9808, stack(0x0000006391b00000,0x0000006391c00000) (1024K)]
  0x0000018af5c83230 WorkerThread "GC Thread#4"                     [id=14568, stack(0x0000006391c00000,0x0000006391d00000) (1024K)]
  0x0000018af6ad4c60 WorkerThread "GC Thread#5"                     [id=20124, stack(0x0000006392700000,0x0000006392800000) (1024K)]
  0x0000018af6ad4360 WorkerThread "GC Thread#6"                     [id=16868, stack(0x0000006392800000,0x0000006392900000) (1024K)]
  0x0000018af6bd5c00 WorkerThread "GC Thread#7"                     [id=8740, stack(0x0000006392900000,0x0000006392a00000) (1024K)]
  0x0000018ad940cd00 ConcurrentGCThread "G1 Main Marker"            [id=5464, stack(0x0000006390800000,0x0000006390900000) (1024K)]
  0x0000018ad940d800 WorkerThread "G1 Conc#0"                       [id=18832, stack(0x0000006390900000,0x0000006390a00000) (1024K)]
  0x0000018af6bd5fa0 WorkerThread "G1 Conc#1"                       [id=9996, stack(0x0000006392a00000,0x0000006392b00000) (1024K)]
  0x0000018af08e9930 ConcurrentGCThread "G1 Refine#0"               [id=11568, stack(0x0000006390a00000,0x0000006390b00000) (1024K)]
  0x0000018af08ea2b0 ConcurrentGCThread "G1 Service"                [id=19900, stack(0x0000006390b00000,0x0000006390c00000) (1024K)]
Total: 15

Threads with active compile tasks:
C2 CompilerThread0     8736 4498   !   4       java.net.URLClassLoader$1::run (81 bytes)
C2 CompilerThread1     8736 4497       4       java.net.URLClassLoader$1::run (5 bytes)
Total: 2

VM state: not at safepoint (normal execution)

VM Mutex/Monitor currently owned by a thread: None

Heap address: 0x0000000080000000, size: 2048 MB, Compressed Oops mode: 32-bit

CDS archive(s) not mapped
Compressed class space mapped at: 0x0000000100000000-0x0000000140000000, reserved size: 1073741824
Narrow klass base: 0x0000000000000000, Narrow klass shift: 3, Narrow klass range: 0x140000000

GC Precious Log:
 CardTable entry size: 512
 Card Set container configuration: InlinePtr #cards 5 size 8 Array Of Cards #cards 12 size 40 Howl #buckets 4 coarsen threshold 1843 Howl Bitmap #cards 512 size 80 coarsen threshold 460 Card regions per heap region 1 cards per card region 2048
 CPUs: 8 total, 8 available
 Memory: 7884M
 Large Page Support: Disabled
 NUMA Support: Disabled
 Compressed Oops: Enabled (32-bit)
 Heap Region Size: 1M
 Heap Min Capacity: 8M
 Heap Initial Capacity: 124M
 Heap Max Capacity: 2G
 Pre-touch: Disabled
 Parallel Workers: 8
 Concurrent Workers: 2
 Concurrent Refinement Workers: 8
 Periodic GC: Disabled

Heap:
 garbage-first heap   total 82944K, used 37491K [0x0000000080000000, 0x0000000100000000)
  region size 1024K, 8 young (8192K), 5 survivors (5120K)
 Metaspace       used 51729K, committed 53184K, reserved 1114112K
  class space    used 7074K, committed 7808K, reserved 1048576K

Heap Regions: E=young(eden), S=young(survivor), O=old, HS=humongous(starts), HC=humongous(continues), CS=collection set, F=free, TAMS=top-at-mark-start, PB=parsable bottom
|   0|0x0000000080000000, 0x0000000080100000, 0x0000000080100000|100%|HS|  |TAMS 0x0000000080000000| PB 0x0000000080000000| Complete 
|   1|0x0000000080100000, 0x0000000080200000, 0x0000000080200000|100%|HC|  |TAMS 0x0000000080100000| PB 0x0000000080100000| Complete 
|   2|0x0000000080200000, 0x0000000080300000, 0x0000000080300000|100%|HC|  |TAMS 0x0000000080200000| PB 0x0000000080200000| Complete 
|   3|0x0000000080300000, 0x0000000080400000, 0x0000000080400000|100%|HC|  |TAMS 0x0000000080300000| PB 0x0000000080300000| Complete 
|   4|0x0000000080400000, 0x0000000080500000, 0x0000000080500000|100%| O|  |TAMS 0x0000000080400000| PB 0x0000000080400000| Untracked 
|   5|0x0000000080500000, 0x0000000080600000, 0x0000000080600000|100%| O|  |TAMS 0x0000000080500000| PB 0x0000000080500000| Untracked 
|   6|0x0000000080600000, 0x0000000080700000, 0x0000000080700000|100%| O|  |TAMS 0x0000000080600000| PB 0x0000000080600000| Untracked 
|   7|0x0000000080700000, 0x0000000080800000, 0x0000000080800000|100%| O|  |TAMS 0x0000000080700000| PB 0x0000000080700000| Untracked 
|   8|0x0000000080800000, 0x0000000080900000, 0x0000000080900000|100%| O|  |TAMS 0x0000000080800000| PB 0x0000000080800000| Untracked 
|   9|0x0000000080900000, 0x0000000080a00000, 0x0000000080a00000|100%| O|  |TAMS 0x0000000080900000| PB 0x0000000080900000| Untracked 
|  10|0x0000000080a00000, 0x0000000080b00000, 0x0000000080b00000|100%| O|  |TAMS 0x0000000080a00000| PB 0x0000000080a00000| Untracked 
|  11|0x0000000080b00000, 0x0000000080c00000, 0x0000000080c00000|100%| O|  |TAMS 0x0000000080b00000| PB 0x0000000080b00000| Untracked 
|  12|0x0000000080c00000, 0x0000000080d00000, 0x0000000080d00000|100%| O|  |TAMS 0x0000000080c00000| PB 0x0000000080c00000| Untracked 
|  13|0x0000000080d00000, 0x0000000080e00000, 0x0000000080e00000|100%| O|  |TAMS 0x0000000080d00000| PB 0x0000000080d00000| Untracked 
|  14|0x0000000080e00000, 0x0000000080f00000, 0x0000000080f00000|100%| O|  |TAMS 0x0000000080e00000| PB 0x0000000080e00000| Untracked 
|  15|0x0000000080f00000, 0x0000000081000000, 0x0000000081000000|100%| O|  |TAMS 0x0000000080f00000| PB 0x0000000080f00000| Untracked 
|  16|0x0000000081000000, 0x0000000081100000, 0x0000000081100000|100%| O|  |TAMS 0x0000000081000000| PB 0x0000000081000000| Untracked 
|  17|0x0000000081100000, 0x0000000081200000, 0x0000000081200000|100%| O|  |TAMS 0x0000000081100000| PB 0x0000000081100000| Untracked 
|  18|0x0000000081200000, 0x0000000081300000, 0x0000000081300000|100%| O|  |TAMS 0x0000000081200000| PB 0x0000000081200000| Untracked 
|  19|0x0000000081300000, 0x0000000081400000, 0x0000000081400000|100%| O|  |TAMS 0x0000000081300000| PB 0x0000000081300000| Untracked 
|  20|0x0000000081400000, 0x0000000081500000, 0x0000000081500000|100%| O|  |TAMS 0x0000000081400000| PB 0x0000000081400000| Untracked 
|  21|0x0000000081500000, 0x0000000081600000, 0x0000000081600000|100%| O|  |TAMS 0x0000000081500000| PB 0x0000000081500000| Untracked 
|  22|0x0000000081600000, 0x0000000081700000, 0x0000000081700000|100%| O|  |TAMS 0x0000000081600000| PB 0x0000000081600000| Untracked 
|  23|0x0000000081700000, 0x0000000081800000, 0x0000000081800000|100%| O|  |TAMS 0x0000000081700000| PB 0x0000000081700000| Untracked 
|  24|0x0000000081800000, 0x0000000081900000, 0x0000000081900000|100%| O|  |TAMS 0x0000000081800000| PB 0x0000000081800000| Untracked 
|  25|0x0000000081900000, 0x0000000081a00000, 0x0000000081a00000|100%| O|  |TAMS 0x0000000081900000| PB 0x0000000081900000| Untracked 
|  26|0x0000000081a00000, 0x0000000081b00000, 0x0000000081b00000|100%| O|  |TAMS 0x0000000081a00000| PB 0x0000000081a00000| Untracked 
|  27|0x0000000081b00000, 0x0000000081c00000, 0x0000000081c00000|100%| O|  |TAMS 0x0000000081b00000| PB 0x0000000081b00000| Untracked 
|  28|0x0000000081c00000, 0x0000000081d00000, 0x0000000081d00000|100%| O|  |TAMS 0x0000000081c00000| PB 0x0000000081c00000| Untracked 
|  29|0x0000000081d00000, 0x0000000081e00000, 0x0000000081e00000|100%| O|  |TAMS 0x0000000081d00000| PB 0x0000000081d00000| Untracked 
|  30|0x0000000081e00000, 0x0000000081e23c58, 0x0000000081f00000| 13%| O|  |TAMS 0x0000000081e00000| PB 0x0000000081e00000| Untracked 
|  31|0x0000000081f00000, 0x0000000081f00000, 0x0000000082000000|  0%| F|  |TAMS 0x0000000081f00000| PB 0x0000000081f00000| Untracked 
|  32|0x0000000082000000, 0x0000000082000000, 0x0000000082100000|  0%| F|  |TAMS 0x0000000082000000| PB 0x0000000082000000| Untracked 
|  33|0x0000000082100000, 0x0000000082100000, 0x0000000082200000|  0%| F|  |TAMS 0x0000000082100000| PB 0x0000000082100000| Untracked 
|  34|0x0000000082200000, 0x0000000082200000, 0x0000000082300000|  0%| F|  |TAMS 0x0000000082200000| PB 0x0000000082200000| Untracked 
|  35|0x0000000082300000, 0x0000000082300000, 0x0000000082400000|  0%| F|  |TAMS 0x0000000082300000| PB 0x0000000082300000| Untracked 
|  36|0x0000000082400000, 0x0000000082400000, 0x0000000082500000|  0%| F|  |TAMS 0x0000000082400000| PB 0x0000000082400000| Untracked 
|  37|0x0000000082500000, 0x0000000082500000, 0x0000000082600000|  0%| F|  |TAMS 0x0000000082500000| PB 0x0000000082500000| Untracked 
|  38|0x0000000082600000, 0x0000000082600000, 0x0000000082700000|  0%| F|  |TAMS 0x0000000082600000| PB 0x0000000082600000| Untracked 
|  39|0x0000000082700000, 0x0000000082700000, 0x0000000082800000|  0%| F|  |TAMS 0x0000000082700000| PB 0x0000000082700000| Untracked 
|  40|0x0000000082800000, 0x0000000082800000, 0x0000000082900000|  0%| F|  |TAMS 0x0000000082800000| PB 0x0000000082800000| Untracked 
|  41|0x0000000082900000, 0x0000000082979338, 0x0000000082a00000| 47%| S|CS|TAMS 0x0000000082900000| PB 0x0000000082900000| Complete 
|  42|0x0000000082a00000, 0x0000000082b00000, 0x0000000082b00000|100%| S|CS|TAMS 0x0000000082a00000| PB 0x0000000082a00000| Complete 
|  43|0x0000000082b00000, 0x0000000082c00000, 0x0000000082c00000|100%| S|CS|TAMS 0x0000000082b00000| PB 0x0000000082b00000| Complete 
|  44|0x0000000082c00000, 0x0000000082d00000, 0x0000000082d00000|100%| S|CS|TAMS 0x0000000082c00000| PB 0x0000000082c00000| Complete 
|  45|0x0000000082d00000, 0x0000000082e00000, 0x0000000082e00000|100%| S|CS|TAMS 0x0000000082d00000| PB 0x0000000082d00000| Complete 
|  46|0x0000000082e00000, 0x0000000082e00000, 0x0000000082f00000|  0%| F|  |TAMS 0x0000000082e00000| PB 0x0000000082e00000| Untracked 
|  47|0x0000000082f00000, 0x0000000082f00000, 0x0000000083000000|  0%| F|  |TAMS 0x0000000082f00000| PB 0x0000000082f00000| Untracked 
|  48|0x0000000083000000, 0x0000000083000000, 0x0000000083100000|  0%| F|  |TAMS 0x0000000083000000| PB 0x0000000083000000| Untracked 
|  49|0x0000000083100000, 0x0000000083100000, 0x0000000083200000|  0%| F|  |TAMS 0x0000000083100000| PB 0x0000000083100000| Untracked 
|  50|0x0000000083200000, 0x0000000083200000, 0x0000000083300000|  0%| F|  |TAMS 0x0000000083200000| PB 0x0000000083200000| Untracked 
|  51|0x0000000083300000, 0x0000000083300000, 0x0000000083400000|  0%| F|  |TAMS 0x0000000083300000| PB 0x0000000083300000| Untracked 
|  52|0x0000000083400000, 0x0000000083400000, 0x0000000083500000|  0%| F|  |TAMS 0x0000000083400000| PB 0x0000000083400000| Untracked 
|  53|0x0000000083500000, 0x0000000083500000, 0x0000000083600000|  0%| F|  |TAMS 0x0000000083500000| PB 0x0000000083500000| Untracked 
|  54|0x0000000083600000, 0x0000000083600000, 0x0000000083700000|  0%| F|  |TAMS 0x0000000083600000| PB 0x0000000083600000| Untracked 
|  55|0x0000000083700000, 0x0000000083700000, 0x0000000083800000|  0%| F|  |TAMS 0x0000000083700000| PB 0x0000000083700000| Untracked 
|  56|0x0000000083800000, 0x0000000083800000, 0x0000000083900000|  0%| F|  |TAMS 0x0000000083800000| PB 0x0000000083800000| Untracked 
|  57|0x0000000083900000, 0x0000000083900000, 0x0000000083a00000|  0%| F|  |TAMS 0x0000000083900000| PB 0x0000000083900000| Untracked 
|  58|0x0000000083a00000, 0x0000000083a00000, 0x0000000083b00000|  0%| F|  |TAMS 0x0000000083a00000| PB 0x0000000083a00000| Untracked 
|  59|0x0000000083b00000, 0x0000000083b00000, 0x0000000083c00000|  0%| F|  |TAMS 0x0000000083b00000| PB 0x0000000083b00000| Untracked 
|  60|0x0000000083c00000, 0x0000000083c00000, 0x0000000083d00000|  0%| F|  |TAMS 0x0000000083c00000| PB 0x0000000083c00000| Untracked 
|  61|0x0000000083d00000, 0x0000000083d00000, 0x0000000083e00000|  0%| F|  |TAMS 0x0000000083d00000| PB 0x0000000083d00000| Untracked 
|  62|0x0000000083e00000, 0x0000000083e00000, 0x0000000083f00000|  0%| F|  |TAMS 0x0000000083e00000| PB 0x0000000083e00000| Untracked 
|  63|0x0000000083f00000, 0x0000000083f00000, 0x0000000084000000|  0%| F|  |TAMS 0x0000000083f00000| PB 0x0000000083f00000| Untracked 
|  64|0x0000000084000000, 0x0000000084000000, 0x0000000084100000|  0%| F|  |TAMS 0x0000000084000000| PB 0x0000000084000000| Untracked 
|  65|0x0000000084100000, 0x0000000084100000, 0x0000000084200000|  0%| F|  |TAMS 0x0000000084100000| PB 0x0000000084100000| Untracked 
|  66|0x0000000084200000, 0x0000000084200000, 0x0000000084300000|  0%| F|  |TAMS 0x0000000084200000| PB 0x0000000084200000| Untracked 
|  67|0x0000000084300000, 0x0000000084300000, 0x0000000084400000|  0%| F|  |TAMS 0x0000000084300000| PB 0x0000000084300000| Untracked 
|  68|0x0000000084400000, 0x0000000084400000, 0x0000000084500000|  0%| F|  |TAMS 0x0000000084400000| PB 0x0000000084400000| Untracked 
|  69|0x0000000084500000, 0x0000000084500000, 0x0000000084600000|  0%| F|  |TAMS 0x0000000084500000| PB 0x0000000084500000| Untracked 
|  70|0x0000000084600000, 0x0000000084600000, 0x0000000084700000|  0%| F|  |TAMS 0x0000000084600000| PB 0x0000000084600000| Untracked 
|  72|0x0000000084800000, 0x0000000084800000, 0x0000000084900000|  0%| F|  |TAMS 0x0000000084800000| PB 0x0000000084800000| Untracked 
|  73|0x0000000084900000, 0x0000000084900000, 0x0000000084a00000|  0%| F|  |TAMS 0x0000000084900000| PB 0x0000000084900000| Untracked 
|  74|0x0000000084a00000, 0x0000000084a00000, 0x0000000084b00000|  0%| F|  |TAMS 0x0000000084a00000| PB 0x0000000084a00000| Untracked 
|  75|0x0000000084b00000, 0x0000000084b00000, 0x0000000084c00000|  0%| F|  |TAMS 0x0000000084b00000| PB 0x0000000084b00000| Untracked 
|  76|0x0000000084c00000, 0x0000000084c00000, 0x0000000084d00000|  0%| F|  |TAMS 0x0000000084c00000| PB 0x0000000084c00000| Untracked 
|  77|0x0000000084d00000, 0x0000000084d00000, 0x0000000084e00000|  0%| F|  |TAMS 0x0000000084d00000| PB 0x0000000084d00000| Untracked 
|  78|0x0000000084e00000, 0x0000000084e00000, 0x0000000084f00000|  0%| F|  |TAMS 0x0000000084e00000| PB 0x0000000084e00000| Untracked 
|  79|0x0000000084f00000, 0x0000000085000000, 0x0000000085000000|100%| E|  |TAMS 0x0000000084f00000| PB 0x0000000084f00000| Complete 
|  80|0x0000000085000000, 0x0000000085100000, 0x0000000085100000|100%| E|CS|TAMS 0x0000000085000000| PB 0x0000000085000000| Complete 
| 123|0x0000000087b00000, 0x0000000087c00000, 0x0000000087c00000|100%| E|CS|TAMS 0x0000000087b00000| PB 0x0000000087b00000| Complete 

Card table byte_map: [0x0000018aebc10000,0x0000018aec010000] _byte_map_base: 0x0000018aeb810000

Marking Bits: (CMBitMap*) 0x0000018ad93fc2b0
 Bits: [0x0000018aec010000, 0x0000018aee010000)

Polling page: 0x0000018ad8b60000

Metaspace:

Usage:
  Non-class:     43.62 MB used.
      Class:      6.91 MB used.
       Both:     50.54 MB used.

Virtual space:
  Non-class space:       64.00 MB reserved,      44.31 MB ( 69%) committed,  1 nodes.
      Class space:        1.00 GB reserved,       7.62 MB ( <1%) committed,  1 nodes.
             Both:        1.06 GB reserved,      51.94 MB (  5%) committed. 

Chunk freelists:
   Non-Class:  3.03 MB
       Class:  8.34 MB
        Both:  11.38 MB

MaxMetaspaceSize: unlimited
CompressedClassSpaceSize: 1.00 GB
Initial GC threshold: 21.00 MB
Current GC threshold: 58.88 MB
CDS: off
 - commit_granule_bytes: 65536.
 - commit_granule_words: 8192.
 - virtual_space_node_default_size: 8388608.
 - enlarge_chunks_in_place: 1.
 - use_allocation_guard: 0.


Internal statistics:

num_allocs_failed_limit: 6.
num_arena_births: 2564.
num_arena_deaths: 0.
num_vsnodes_births: 2.
num_vsnodes_deaths: 0.
num_space_committed: 831.
num_space_uncommitted: 0.
num_chunks_returned_to_freelist: 6.
num_chunks_taken_from_freelist: 4571.
num_chunk_merges: 6.
num_chunk_splits: 2944.
num_chunks_enlarged: 1784.
num_inconsistent_stats: 0.

CodeHeap 'non-profiled nmethods': size=120000Kb used=2412Kb max_used=2412Kb free=117587Kb
 bounds [0x0000018ae3fb0000, 0x0000018ae4220000, 0x0000018aeb4e0000]
CodeHeap 'profiled nmethods': size=120000Kb used=8164Kb max_used=8164Kb free=111835Kb
 bounds [0x0000018adc4e0000, 0x0000018adcce0000, 0x0000018ae3a10000]
CodeHeap 'non-nmethods': size=5760Kb used=2148Kb max_used=2148Kb free=3611Kb
 bounds [0x0000018ae3a10000, 0x0000018ae3c80000, 0x0000018ae3fb0000]
 total_blobs=4902 nmethods=4200 adapters=604
 compilation: enabled
              stopped_count=0, restarted_count=0
 full_count=0

Compilation events (20 events):
Event: 8.481 Thread 0x0000018af0c51d90 4562       3       org.gradle.cache.internal.DefaultCrossBuildInMemoryCacheFactory$AbstractCrossBuildInMemoryCache::getIfPresentWithoutLock (43 bytes)
Event: 8.481 Thread 0x0000018af0c51d90 nmethod 4562 0x0000018adccd2190 code [0x0000018adccd2380, 0x0000018adccd27b8]
Event: 8.489 Thread 0x0000018af0c51d90 4564       3       java.lang.invoke.SimpleMethodHandle::copyWithExtendL (7 bytes)
Event: 8.489 Thread 0x0000018af0c51d90 nmethod 4564 0x0000018adccd2910 code [0x0000018adccd2ac0, 0x0000018adccd2c58]
Event: 8.492 Thread 0x0000018af0c51d90 4565       3       java.net.URI::match (56 bytes)
Event: 8.493 Thread 0x0000018af0c51d90 nmethod 4565 0x0000018adccd2d10 code [0x0000018adccd2ec0, 0x0000018adccd31b0]
Event: 8.493 Thread 0x0000018af0c51d90 4566       1       java.util.TreeMap::size (5 bytes)
Event: 8.493 Thread 0x0000018af0c51d90 nmethod 4566 0x0000018ae420a810 code [0x0000018ae420a9a0, 0x0000018ae420aa68]
Event: 8.509 Thread 0x0000018af0c51d90 4567       3       sun.security.provider.DigestBase::engineDigest (112 bytes)
Event: 8.510 Thread 0x0000018af0c51d90 nmethod 4567 0x0000018adccd3290 code [0x0000018adccd3560, 0x0000018adccd4168]
Event: 8.538 Thread 0x0000018af0c51d90 4568       1       com.google.common.base.Suppliers$SupplierOfInstance::get (5 bytes)
Event: 8.538 Thread 0x0000018af0c51d90 nmethod 4568 0x0000018ae420ab10 code [0x0000018ae420aca0, 0x0000018ae420ad68]
Event: 8.608 Thread 0x0000018af0c51d90 4570       3       java.net.URI$Parser::scan (76 bytes)
Event: 8.609 Thread 0x0000018af0c51d90 nmethod 4570 0x0000018adccd4610 code [0x0000018adccd4840, 0x0000018adccd50d8]
Event: 8.620 Thread 0x0000018af0c51d90 4572       3       com.google.common.collect.ImmutableList$Builder::<init> (18 bytes)
Event: 8.621 Thread 0x0000018af0c51d90 nmethod 4572 0x0000018adccd5510 code [0x0000018adccd56c0, 0x0000018adccd5980]
Event: 8.660 Thread 0x0000018af0c51d90 4573       3       com.google.common.collect.ImmutableList$Builder::build (17 bytes)
Event: 8.661 Thread 0x0000018af0c51d90 nmethod 4573 0x0000018adccd5a90 code [0x0000018adccd5c40, 0x0000018adccd5d88]
Event: 8.686 Thread 0x0000018af0c51d90 4574       3       com.google.common.collect.RegularImmutableMap::fromEntryArrayCheckingBucketOverflow (282 bytes)
Event: 8.688 Thread 0x0000018af0c51d90 nmethod 4574 0x0000018adccd5e10 code [0x0000018adccd6200, 0x0000018adccd7e68]

GC Heap History (20 events):
Event: 0.782 GC heap before
{Heap before GC invocations=0 (full 0):
 garbage-first heap   total 126976K, used 26624K [0x0000000080000000, 0x0000000100000000)
  region size 1024K, 23 young (23552K), 0 survivors (0K)
 Metaspace       used 10821K, committed 10944K, reserved 1114112K
  class space    used 1129K, committed 1216K, reserved 1048576K
}
Event: 0.790 GC heap after
{Heap after GC invocations=1 (full 0):
 garbage-first heap   total 126976K, used 10752K [0x0000000080000000, 0x0000000100000000)
  region size 1024K, 3 young (3072K), 3 survivors (3072K)
 Metaspace       used 10821K, committed 10944K, reserved 1114112K
  class space    used 1129K, committed 1216K, reserved 1048576K
}
Event: 1.417 GC heap before
{Heap before GC invocations=1 (full 0):
 garbage-first heap   total 126976K, used 38400K [0x0000000080000000, 0x0000000100000000)
  region size 1024K, 31 young (31744K), 3 survivors (3072K)
 Metaspace       used 11868K, committed 11968K, reserved 1114112K
  class space    used 1239K, committed 1280K, reserved 1048576K
}
Event: 1.424 GC heap after
{Heap after GC invocations=2 (full 0):
 garbage-first heap   total 126976K, used 11529K [0x0000000080000000, 0x0000000100000000)
  region size 1024K, 1 young (1024K), 1 survivors (1024K)
 Metaspace       used 11868K, committed 11968K, reserved 1114112K
  class space    used 1239K, committed 1280K, reserved 1048576K
}
Event: 3.274 GC heap before
{Heap before GC invocations=2 (full 0):
 garbage-first heap   total 126976K, used 54537K [0x0000000080000000, 0x0000000100000000)
  region size 1024K, 43 young (44032K), 1 survivors (1024K)
 Metaspace       used 21194K, committed 21504K, reserved 1114112K
  class space    used 2444K, committed 2624K, reserved 1048576K
}
Event: 3.283 GC heap after
{Heap after GC invocations=3 (full 0):
 garbage-first heap   total 126976K, used 19882K [0x0000000080000000, 0x0000000100000000)
  region size 1024K, 9 young (9216K), 9 survivors (9216K)
 Metaspace       used 21194K, committed 21504K, reserved 1114112K
  class space    used 2444K, committed 2624K, reserved 1048576K
}
Event: 4.272 GC heap before
{Heap before GC invocations=4 (full 0):
 garbage-first heap   total 68608K, used 50602K [0x0000000080000000, 0x0000000100000000)
  region size 1024K, 40 young (40960K), 9 survivors (9216K)
 Metaspace       used 26782K, committed 27328K, reserved 1114112K
  class space    used 3322K, committed 3584K, reserved 1048576K
}
Event: 4.282 GC heap after
{Heap after GC invocations=5 (full 0):
 garbage-first heap   total 68608K, used 21072K [0x0000000080000000, 0x0000000100000000)
  region size 1024K, 2 young (2048K), 2 survivors (2048K)
 Metaspace       used 26782K, committed 27328K, reserved 1114112K
  class space    used 3322K, committed 3584K, reserved 1048576K
}
Event: 5.401 GC heap before
{Heap before GC invocations=5 (full 0):
 garbage-first heap   total 68608K, used 53840K [0x0000000080000000, 0x0000000100000000)
  region size 1024K, 34 young (34816K), 2 survivors (2048K)
 Metaspace       used 31284K, committed 31936K, reserved 1114112K
  class space    used 4070K, committed 4416K, reserved 1048576K
}
Event: 5.407 GC heap after
{Heap after GC invocations=6 (full 0):
 garbage-first heap   total 68608K, used 23709K [0x0000000080000000, 0x0000000100000000)
  region size 1024K, 5 young (5120K), 5 survivors (5120K)
 Metaspace       used 31284K, committed 31936K, reserved 1114112K
  class space    used 4070K, committed 4416K, reserved 1048576K
}
Event: 6.166 GC heap before
{Heap before GC invocations=6 (full 0):
 garbage-first heap   total 68608K, used 50333K [0x0000000080000000, 0x0000000100000000)
  region size 1024K, 33 young (33792K), 5 survivors (5120K)
 Metaspace       used 35212K, committed 36096K, reserved 1114112K
  class space    used 4742K, committed 5184K, reserved 1048576K
}
Event: 6.172 GC heap after
{Heap after GC invocations=7 (full 0):
 garbage-first heap   total 68608K, used 25321K [0x0000000080000000, 0x0000000100000000)
  region size 1024K, 5 young (5120K), 5 survivors (5120K)
 Metaspace       used 35212K, committed 36096K, reserved 1114112K
  class space    used 4742K, committed 5184K, reserved 1048576K
}
Event: 6.863 GC heap before
{Heap before GC invocations=8 (full 0):
 garbage-first heap   total 68608K, used 57065K [0x0000000080000000, 0x0000000100000000)
  region size 1024K, 37 young (37888K), 5 survivors (5120K)
 Metaspace       used 40112K, committed 41216K, reserved 1114112K
  class space    used 5461K, committed 6016K, reserved 1048576K
}
Event: 6.869 GC heap after
{Heap after GC invocations=9 (full 0):
 garbage-first heap   total 68608K, used 27650K [0x0000000080000000, 0x0000000100000000)
  region size 1024K, 4 young (4096K), 4 survivors (4096K)
 Metaspace       used 40112K, committed 41216K, reserved 1114112K
  class space    used 5461K, committed 6016K, reserved 1048576K
}
Event: 7.325 GC heap before
{Heap before GC invocations=9 (full 0):
 garbage-first heap   total 68608K, used 57346K [0x0000000080000000, 0x0000000100000000)
  region size 1024K, 34 young (34816K), 4 survivors (4096K)
 Metaspace       used 44346K, committed 45440K, reserved 1114112K
  class space    used 5879K, committed 6400K, reserved 1048576K
}
Event: 7.332 GC heap after
{Heap after GC invocations=10 (full 0):
 garbage-first heap   total 68608K, used 30555K [0x0000000080000000, 0x0000000100000000)
  region size 1024K, 5 young (5120K), 5 survivors (5120K)
 Metaspace       used 44346K, committed 45440K, reserved 1114112K
  class space    used 5879K, committed 6400K, reserved 1048576K
}
Event: 7.815 GC heap before
{Heap before GC invocations=10 (full 0):
 garbage-first heap   total 68608K, used 59227K [0x0000000080000000, 0x0000000100000000)
  region size 1024K, 33 young (33792K), 5 survivors (5120K)
 Metaspace       used 46571K, committed 47872K, reserved 1114112K
  class space    used 6229K, committed 6848K, reserved 1048576K
}
Event: 7.821 GC heap after
{Heap after GC invocations=11 (full 0):
 garbage-first heap   total 82944K, used 33380K [0x0000000080000000, 0x0000000100000000)
  region size 1024K, 3 young (3072K), 3 survivors (3072K)
 Metaspace       used 46571K, committed 47872K, reserved 1114112K
  class space    used 6229K, committed 6848K, reserved 1048576K
}
Event: 8.662 GC heap before
{Heap before GC invocations=11 (full 0):
 garbage-first heap   total 82944K, used 69220K [0x0000000080000000, 0x0000000100000000)
  region size 1024K, 38 young (38912K), 3 survivors (3072K)
 Metaspace       used 51260K, committed 52736K, reserved 1114112K
  class space    used 7011K, committed 7744K, reserved 1048576K
}
Event: 8.667 GC heap after
{Heap after GC invocations=12 (full 0):
 garbage-first heap   total 82944K, used 35443K [0x0000000080000000, 0x0000000100000000)
  region size 1024K, 5 young (5120K), 5 survivors (5120K)
 Metaspace       used 51260K, committed 52736K, reserved 1114112K
  class space    used 7011K, committed 7744K, reserved 1048576K
}

Dll operation events (3 events):
Event: 0.010 Loaded shared library C:\Program Files\Android\Android Studio\jbr\bin\java.dll
Event: 0.015 Loaded shared library C:\Program Files\Android\Android Studio\jbr\bin\zip.dll
Event: 0.483 Loaded shared library C:\Program Files\Android\Android Studio\jbr\bin\verify.dll

Deoptimization events (20 events):
Event: 8.404 Thread 0x0000018af62b9e70 Uncommon trap: trap_request=0xffffffde fr.pc=0x0000018ae4111788 relative=0x00000000000002c8
Event: 8.404 Thread 0x0000018af62b9e70 Uncommon trap: reason=class_check action=maybe_recompile pc=0x0000018ae4111788 method=java.util.Collections$SetFromMap.remove(Ljava/lang/Object;)Z @ 5 c2
Event: 8.404 Thread 0x0000018af62b9e70 DEOPT PACKING pc=0x0000018ae4111788 sp=0x00000063923fac80
Event: 8.404 Thread 0x0000018af62b9e70 DEOPT UNPACKING pc=0x0000018ae3a67da2 sp=0x00000063923fac68 mode 2
Event: 8.434 Thread 0x0000018af62b9e70 Uncommon trap: trap_request=0xffffffde fr.pc=0x0000018ae41b6558 relative=0x00000000000027b8
Event: 8.434 Thread 0x0000018af62b9e70 Uncommon trap: reason=class_check action=maybe_recompile pc=0x0000018ae41b6558 method=java.util.regex.Pattern$CharProperty.study(Ljava/util/regex/Pattern$TreeInfo;)Z @ 25 c2
Event: 8.434 Thread 0x0000018af62b9e70 DEOPT PACKING pc=0x0000018ae41b6558 sp=0x00000063923f9c80
Event: 8.434 Thread 0x0000018af62b9e70 DEOPT UNPACKING pc=0x0000018ae3a67da2 sp=0x00000063923f9b78 mode 2
Event: 8.486 Thread 0x0000018af62b9e70 Uncommon trap: trap_request=0xffffff45 fr.pc=0x0000018ae4023534 relative=0x00000000000001f4
Event: 8.486 Thread 0x0000018af62b9e70 Uncommon trap: reason=unstable_if action=reinterpret pc=0x0000018ae4023534 method=java.net.URI$Parser.scan(IILjava/lang/String;)I @ 26 c2
Event: 8.486 Thread 0x0000018af62b9e70 DEOPT PACKING pc=0x0000018ae4023534 sp=0x00000063923f9ea0
Event: 8.486 Thread 0x0000018af62b9e70 DEOPT UNPACKING pc=0x0000018ae3a67da2 sp=0x00000063923f9e30 mode 2
Event: 8.486 Thread 0x0000018af62b9e70 Uncommon trap: trap_request=0xffffff45 fr.pc=0x0000018ae401c4ac relative=0x000000000000016c
Event: 8.486 Thread 0x0000018af62b9e70 Uncommon trap: reason=unstable_if action=reinterpret pc=0x0000018ae401c4ac method=java.net.URI.match(CJJ)Z @ 45 c2
Event: 8.486 Thread 0x0000018af62b9e70 DEOPT PACKING pc=0x0000018ae401c4ac sp=0x00000063923f9c10
Event: 8.486 Thread 0x0000018af62b9e70 DEOPT UNPACKING pc=0x0000018ae3a67da2 sp=0x00000063923f9b38 mode 2
Event: 8.486 Thread 0x0000018af62b9e70 Uncommon trap: trap_request=0xffffff45 fr.pc=0x0000018ae3fdc8f8 relative=0x0000000000000058
Event: 8.486 Thread 0x0000018af62b9e70 Uncommon trap: reason=unstable_if action=reinterpret pc=0x0000018ae3fdc8f8 method=java.net.URI.match(CJJ)Z @ 19 c2
Event: 8.486 Thread 0x0000018af62b9e70 DEOPT PACKING pc=0x0000018ae3fdc8f8 sp=0x00000063923f9c20
Event: 8.486 Thread 0x0000018af62b9e70 DEOPT UNPACKING pc=0x0000018ae3a67da2 sp=0x00000063923f9bb0 mode 2

Classes loaded (20 events):
Event: 8.498 Loading class java/io/DeleteOnExitHook$1
Event: 8.499 Loading class java/io/DeleteOnExitHook$1 done
Event: 8.546 Loading class javax/net/ssl/HostnameVerifier
Event: 8.547 Loading class javax/net/ssl/HostnameVerifier done
Event: 8.551 Loading class javax/net/ssl/TrustManager
Event: 8.551 Loading class javax/net/ssl/TrustManager done
Event: 8.552 Loading class javax/net/ssl/X509TrustManager
Event: 8.552 Loading class javax/net/ssl/X509TrustManager done
Event: 8.555 Loading class javax/net/ssl/SSLException
Event: 8.555 Loading class javax/net/ssl/SSLException done
Event: 8.555 Loading class javax/net/ssl/SSLPeerUnverifiedException
Event: 8.555 Loading class javax/net/ssl/SSLPeerUnverifiedException done
Event: 8.556 Loading class javax/naming/NamingException
Event: 8.556 Loading class javax/naming/NamingException done
Event: 8.556 Loading class javax/naming/InvalidNameException
Event: 8.557 Loading class javax/naming/InvalidNameException done
Event: 8.557 Loading class java/security/cert/CertificateParsingException
Event: 8.557 Loading class java/security/cert/CertificateException
Event: 8.558 Loading class java/security/cert/CertificateException done
Event: 8.558 Loading class java/security/cert/CertificateParsingException done

Classes unloaded (0 events):
No events

Classes redefined (0 events):
No events

Internal exceptions (20 events):
Event: 7.787 Thread 0x0000018af62b9e70 Exception <a 'java/lang/NoSuchMethodError'{0x000000008287d780}: 'java.lang.Object java.lang.invoke.DirectMethodHandle$Holder.invokeVirtual(java.lang.Object, java.lang.Object, int)'> (0x000000008287d780) 
thrown [s\src\hotspot\share\interpreter\linkResolver.cpp, line 784]
Event: 7.807 Thread 0x0000018af62b9e70 Exception <a 'java/lang/NoSuchMethodError'{0x00000000827a4330}: 'void java.lang.invoke.DirectMethodHandle$Holder.invokeInterface(java.lang.Object, java.lang.Object, java.lang.Object, java.lang.Object, java.lang.Object, java.lang.Object, java.lang.Object)'> (0x00000000827a4330) 
thrown [s\src\hotspot\share\interpreter\linkResolver.cpp, line 784]
Event: 7.807 Thread 0x0000018af62b9e70 Exception <a 'java/lang/NoSuchMethodError'{0x00000000827a8f68}: 'void java.lang.invoke.DelegatingMethodHandle$Holder.reinvoke_L(java.lang.Object, java.lang.Object, java.lang.Object, java.lang.Object, java.lang.Object, java.lang.Object, java.lang.Object)'> (0x00000000827a8f68) 
thrown [s\src\hotspot\share\interpreter\linkResolver.cpp, line 784]
Event: 7.846 Thread 0x0000018af62b9e70 Exception <a 'java/lang/NoSuchMethodError'{0x00000000850b6160}: 'java.lang.Object java.lang.invoke.DirectMethodHandle$Holder.newInvokeSpecial(java.lang.Object, java.lang.Object, java.lang.Object, java.lang.Object, java.lang.Object, java.lang.Object, java.lang.Object, java.lang.Object, java.lang.Object, java.lang.Object, java.lang.Object, java.lang.Object, java.lang.Object)'> (0x00000000850b6160) 
thrown [s\src\hotspot\share\interpreter\linkResolver.cpp, line 784]
Event: 7.853 Thread 0x0000018af62b9e70 Exception <a 'java/lang/NoSuchMethodError'{0x0000000084f3f858}: 'java.lang.Object java.lang.invoke.DirectMethodHandle$Holder.newInvokeSpecial(java.lang.Object, java.lang.Object, java.lang.Object, java.lang.Object, int)'> (0x0000000084f3f858) 
thrown [s\src\hotspot\share\interpreter\linkResolver.cpp, line 784]
Event: 7.854 Thread 0x0000018af62b9e70 Exception <a 'java/lang/NoSuchMethodError'{0x0000000084f446d0}: 'java.lang.Object java.lang.invoke.DirectMethodHandle$Holder.invokeSpecial(java.lang.Object, java.lang.Object, java.lang.Object, java.lang.Object, java.lang.Object, int)'> (0x0000000084f446d0) 
thrown [s\src\hotspot\share\interpreter\linkResolver.cpp, line 784]
Event: 7.854 Thread 0x0000018af62b9e70 Exception <a 'java/lang/NoSuchMethodError'{0x0000000084f48ec0}: 'java.lang.Object java.lang.invoke.Invokers$Holder.linkToTargetMethod(java.lang.Object, java.lang.Object, java.lang.Object, int, java.lang.Object)'> (0x0000000084f48ec0) 
thrown [s\src\hotspot\share\interpreter\linkResolver.cpp, line 784]
Event: 7.887 Thread 0x0000018af62b9e70 Exception <a 'java/lang/NoSuchMethodError'{0x0000000084ef8328}: 'int java.lang.invoke.DirectMethodHandle$Holder.invokeInterface(java.lang.Object, java.lang.Object, java.lang.Object, java.lang.Object)'> (0x0000000084ef8328) 
thrown [s\src\hotspot\share\interpreter\linkResolver.cpp, line 784]
Event: 7.961 Thread 0x0000018af62b9e70 Exception <a 'java/lang/NoSuchMethodError'{0x0000000084a42b20}: 'java.lang.Object java.lang.invoke.DirectMethodHandle$Holder.newInvokeSpecial(java.lang.Object, java.lang.Object, java.lang.Object, java.lang.Object, java.lang.Object, java.lang.Object, java.lang.Object, java.lang.Object, java.lang.Object, java.lang.Object, java.lang.Object, java.lang.Object, java.lang.Object, java.lang.Object, java.lang.Object, java.lang.Object, java.lang.Object, java.lang.Object, java.lang.Object, java.lang.Object, java.lang
Event: 7.962 Thread 0x0000018af62b9e70 Exception <a 'java/lang/NoSuchMethodError'{0x0000000084a4a618}: 'java.lang.Object java.lang.invoke.DirectMethodHandle$Holder.invokeSpecial(java.lang.Object, java.lang.Object, java.lang.Object, java.lang.Object, java.lang.Object, java.lang.Object, java.lang.Object, java.lang.Object, java.lang.Object, java.lang.Object, java.lang.Object, java.lang.Object, java.lang.Object, java.lang.Object, java.lang.Object, java.lang.Object, java.lang.Object, java.lang.Object, java.lang.Object, java.lang.Object, java.lang.Ob
Event: 7.962 Thread 0x0000018af62b9e70 Exception <a 'java/lang/NoSuchMethodError'{0x0000000084a509a0}: 'java.lang.Object java.lang.invoke.DelegatingMethodHandle$Holder.reinvoke_L(java.lang.Object, java.lang.Object, java.lang.Object, java.lang.Object, java.lang.Object, java.lang.Object, java.lang.Object, java.lang.Object, java.lang.Object, java.lang.Object, java.lang.Object, java.lang.Object, java.lang.Object, java.lang.Object, java.lang.Object, java.lang.Object, java.lang.Object, java.lang.Object, java.lang.Object, java.lang.Object, java.lang.O
Event: 8.038 Thread 0x0000018af62b9e70 Implicit null exception at 0x0000018ae3fdfc6f to 0x0000018ae3fdfd20
Event: 8.174 Thread 0x0000018af62b9e70 Exception <a 'java/lang/IncompatibleClassChangeError'{0x0000000083f97d10}: Found class java.lang.Object, but interface was expected> (0x0000000083f97d10) 
thrown [s\src\hotspot\share\interpreter\linkResolver.cpp, line 851]
Event: 8.237 Thread 0x0000018af62b9e70 Exception <a 'java/lang/NoSuchMethodError'{0x0000000083c96b28}: 'java.lang.Object java.lang.invoke.DirectMethodHandle$Holder.newInvokeSpecial(java.lang.Object, int, java.lang.Object)'> (0x0000000083c96b28) 
thrown [s\src\hotspot\share\interpreter\linkResolver.cpp, line 784]
Event: 8.284 Thread 0x0000018af62b9e70 Exception <a 'java/lang/NoSuchMethodError'{0x0000000083a1e460}: 'java.lang.Object java.lang.invoke.DirectMethodHandle$Holder.newInvokeSpecial(java.lang.Object, java.lang.Object, int, java.lang.Object)'> (0x0000000083a1e460) 
thrown [s\src\hotspot\share\interpreter\linkResolver.cpp, line 784]
Event: 8.284 Thread 0x0000018af62b9e70 Exception <a 'java/lang/NoSuchMethodError'{0x0000000083a22de0}: 'java.lang.Object java.lang.invoke.DirectMethodHandle$Holder.invokeSpecial(java.lang.Object, java.lang.Object, java.lang.Object, int, java.lang.Object)'> (0x0000000083a22de0) 
thrown [s\src\hotspot\share\interpreter\linkResolver.cpp, line 784]
Event: 8.617 Thread 0x0000018af62b9e70 Exception <a 'sun/nio/fs/WindowsException'{0x00000000830eacb0}> (0x00000000830eacb0) 
thrown [s\src\hotspot\share\prims\jni.cpp, line 535]
Event: 8.618 Thread 0x0000018af62b9e70 Exception <a 'sun/nio/fs/WindowsException'{0x00000000830ec4a8}> (0x00000000830ec4a8) 
thrown [s\src\hotspot\share\prims\jni.cpp, line 535]
Event: 8.619 Thread 0x0000018af62b9e70 Exception <a 'java/lang/NoSuchMethodError'{0x00000000830f73c0}: 'java.lang.Object java.lang.invoke.DirectMethodHandle$Holder.newInvokeSpecial(java.lang.Object, java.lang.Object, int)'> (0x00000000830f73c0) 
thrown [s\src\hotspot\share\interpreter\linkResolver.cpp, line 784]
Event: 8.687 Thread 0x0000018af62b9e70 Exception <a 'sun/nio/fs/WindowsException'{0x0000000087bbf928}> (0x0000000087bbf928) 
thrown [s\src\hotspot\share\prims\jni.cpp, line 535]

ZGC Phase Switch (0 events):
No events

VM Operations (20 events):
Event: 7.325 Executing VM operation: G1CollectForAllocation (G1 Evacuation Pause)
Event: 7.332 Executing VM operation: G1CollectForAllocation (G1 Evacuation Pause) done
Event: 7.626 Executing VM operation: HandshakeAllThreads (Deoptimize)
Event: 7.626 Executing VM operation: HandshakeAllThreads (Deoptimize) done
Event: 7.655 Executing VM operation: HandshakeAllThreads (Deoptimize)
Event: 7.655 Executing VM operation: HandshakeAllThreads (Deoptimize) done
Event: 7.656 Executing VM operation: HandshakeAllThreads (Deoptimize)
Event: 7.656 Executing VM operation: HandshakeAllThreads (Deoptimize) done
Event: 7.815 Executing VM operation: G1CollectForAllocation (G1 Evacuation Pause)
Event: 7.821 Executing VM operation: G1CollectForAllocation (G1 Evacuation Pause) done
Event: 7.879 Executing VM operation: HandshakeAllThreads (Deoptimize)
Event: 7.879 Executing VM operation: HandshakeAllThreads (Deoptimize) done
Event: 7.886 Executing VM operation: HandshakeAllThreads (Deoptimize)
Event: 7.886 Executing VM operation: HandshakeAllThreads (Deoptimize) done
Event: 7.991 Executing VM operation: HandshakeAllThreads (Deoptimize)
Event: 7.991 Executing VM operation: HandshakeAllThreads (Deoptimize) done
Event: 8.320 Executing VM operation: HandshakeAllThreads (Deoptimize)
Event: 8.321 Executing VM operation: HandshakeAllThreads (Deoptimize) done
Event: 8.662 Executing VM operation: G1CollectForAllocation (G1 Evacuation Pause)
Event: 8.667 Executing VM operation: G1CollectForAllocation (G1 Evacuation Pause) done

Memory protections (0 events):
No events

Nmethod flushes (20 events):
Event: 6.194 Thread 0x0000018af0a9e010 flushing  nmethod 0x0000018adc53df10
Event: 6.194 Thread 0x0000018af0a9e010 flushing  nmethod 0x0000018adc578810
Event: 6.194 Thread 0x0000018af0a9e010 flushing  nmethod 0x0000018adc57b990
Event: 6.194 Thread 0x0000018af0a9e010 flushing  nmethod 0x0000018adc57bf10
Event: 6.194 Thread 0x0000018af0a9e010 flushing  nmethod 0x0000018adc57d910
Event: 6.194 Thread 0x0000018af0a9e010 flushing  nmethod 0x0000018adc57f610
Event: 6.194 Thread 0x0000018af0a9e010 flushing  nmethod 0x0000018adc57fa90
Event: 6.194 Thread 0x0000018af0a9e010 flushing  nmethod 0x0000018adc5c0d10
Event: 6.194 Thread 0x0000018af0a9e010 flushing  nmethod 0x0000018adc5c1790
Event: 6.194 Thread 0x0000018af0a9e010 flushing  nmethod 0x0000018adc5c7a90
Event: 6.194 Thread 0x0000018af0a9e010 flushing  nmethod 0x0000018adc69a390
Event: 6.194 Thread 0x0000018af0a9e010 flushing  nmethod 0x0000018adc69c210
Event: 6.194 Thread 0x0000018af0a9e010 flushing  nmethod 0x0000018adc69d490
Event: 6.194 Thread 0x0000018af0a9e010 flushing  nmethod 0x0000018adc774390
Event: 6.194 Thread 0x0000018af0a9e010 flushing  nmethod 0x0000018adc775010
Event: 6.194 Thread 0x0000018af0a9e010 flushing  nmethod 0x0000018adc776690
Event: 6.194 Thread 0x0000018af0a9e010 flushing  nmethod 0x0000018adc86b110
Event: 6.194 Thread 0x0000018af0a9e010 flushing  nmethod 0x0000018adc86d690
Event: 6.194 Thread 0x0000018af0a9e010 flushing  nmethod 0x0000018adc86d990
Event: 6.194 Thread 0x0000018af0a9e010 flushing  nmethod 0x0000018adc86e810

Events (20 events):
Event: 2.738 Thread 0x0000018ad93a2b50 Thread added: 0x0000018af62b7710
Event: 2.878 Thread 0x0000018af62b7da0 Thread added: 0x0000018af62b8430
Event: 2.887 Thread 0x0000018af62b8430 Thread added: 0x0000018af62b7080
Event: 3.007 Thread 0x0000018af62b8430 Thread added: 0x0000018af62b8ac0
Event: 3.026 Thread 0x0000018af62b8430 Thread added: 0x0000018af62b9e70
Event: 3.051 Thread 0x0000018af62b9e70 Thread added: 0x0000018af6f51070
Event: 3.059 Thread 0x0000018af62b9e70 Thread added: 0x0000018af6f509e0
Event: 3.064 Thread 0x0000018af62b9e70 Thread added: 0x0000018af6f54b80
Event: 3.614 Thread 0x0000018af66ae510 Thread exited: 0x0000018af66ae510
Event: 3.800 Thread 0x0000018af62b9e70 Thread added: 0x0000018af6f53e60
Event: 3.811 Thread 0x0000018af62b9e70 Thread added: 0x0000018af6f50350
Event: 3.830 Thread 0x0000018af0c51d90 Thread added: 0x0000018af704bc40
Event: 3.858 Thread 0x0000018af62b9e70 Thread added: 0x0000018af6f544f0
Event: 5.313 Thread 0x0000018af62b9e70 Thread added: 0x0000018af6f51700
Event: 5.656 Thread 0x0000018af62b9e70 Thread added: 0x0000018af6f51d90
Event: 5.666 Thread 0x0000018af62b9e70 Thread added: 0x0000018af6f565c0
Event: 5.941 Thread 0x0000018af62b9e70 Thread added: 0x0000018af6f558a0
Event: 6.029 Thread 0x0000018af62b9e70 Thread added: 0x0000018af6f4fcc0
Event: 6.047 Thread 0x0000018af62b9e70 Thread added: 0x0000018af6f53140
Event: 6.323 Thread 0x0000018af62b9e70 Thread added: 0x0000018af6f52ab0


Dynamic libraries:
0x00007ff625f10000 - 0x00007ff625f1a000 	C:\Program Files\Android\Android Studio\jbr\bin\java.exe
0x00007ff989750000 - 0x00007ff989967000 	C:\Windows\SYSTEM32\ntdll.dll
0x00007ff988710000 - 0x00007ff9887d4000 	C:\Windows\System32\KERNEL32.DLL
0x00007ff986f40000 - 0x00007ff9872e6000 	C:\Windows\System32\KERNELBASE.dll
0x00007ff983a20000 - 0x00007ff983ab7000 	C:\Windows\SYSTEM32\apphelp.dll
0x00007ff986b90000 - 0x00007ff986ca1000 	C:\Windows\System32\ucrtbase.dll
0x00007ff956490000 - 0x00007ff9564ab000 	C:\Program Files\Android\Android Studio\jbr\bin\VCRUNTIME140.dll
0x00007ff960340000 - 0x00007ff960358000 	C:\Program Files\Android\Android Studio\jbr\bin\jli.dll
0x00007ff988100000 - 0x00007ff9882ae000 	C:\Windows\System32\USER32.dll
0x00007ff986b60000 - 0x00007ff986b86000 	C:\Windows\System32\win32u.dll
0x00007ff987520000 - 0x00007ff987549000 	C:\Windows\System32\GDI32.dll
0x00007ff971c10000 - 0x00007ff971ea3000 	C:\Windows\WinSxS\amd64_microsoft.windows.common-controls_6595b64144ccf1df_6.0.22621.2506_none_270c5ae97388e100\COMCTL32.dll
0x00007ff986e20000 - 0x00007ff986f38000 	C:\Windows\System32\gdi32full.dll
0x00007ff986ac0000 - 0x00007ff986b5a000 	C:\Windows\System32\msvcp_win.dll
0x00007ff988d50000 - 0x00007ff988df7000 	C:\Windows\System32\msvcrt.dll
0x00007ff988000000 - 0x00007ff988031000 	C:\Windows\System32\IMM32.DLL
0x00007ff960590000 - 0x00007ff96059c000 	C:\Program Files\Android\Android Studio\jbr\bin\vcruntime140_1.dll
0x00007ff947b20000 - 0x00007ff947bad000 	C:\Program Files\Android\Android Studio\jbr\bin\msvcp140.dll
0x00007ff910f30000 - 0x00007ff911bb3000 	C:\Program Files\Android\Android Studio\jbr\bin\server\jvm.dll
0x00007ff988040000 - 0x00007ff9880f1000 	C:\Windows\System32\ADVAPI32.dll
0x00007ff988f00000 - 0x00007ff988fa5000 	C:\Windows\System32\sechost.dll
0x00007ff987ee0000 - 0x00007ff987ff7000 	C:\Windows\System32\RPCRT4.dll
0x00007ff987e60000 - 0x00007ff987ed1000 	C:\Windows\System32\WS2_32.dll
0x00007ff986990000 - 0x00007ff9869dd000 	C:\Windows\SYSTEM32\POWRPROF.dll
0x00007ff97cf70000 - 0x00007ff97cfa4000 	C:\Windows\SYSTEM32\WINMM.dll
0x00007ff97b780000 - 0x00007ff97b78a000 	C:\Windows\SYSTEM32\VERSION.dll
0x00007ff986970000 - 0x00007ff986983000 	C:\Windows\SYSTEM32\UMPDC.dll
0x00007ff985aa0000 - 0x00007ff985ab8000 	C:\Windows\SYSTEM32\kernel.appcore.dll
0x00007ff960490000 - 0x00007ff96049a000 	C:\Program Files\Android\Android Studio\jbr\bin\jimage.dll
0x00007ff984370000 - 0x00007ff9845a3000 	C:\Windows\SYSTEM32\DBGHELP.DLL
0x00007ff989230000 - 0x00007ff9895b9000 	C:\Windows\System32\combase.dll
0x00007ff9887f0000 - 0x00007ff9888c7000 	C:\Windows\System32\OLEAUT32.dll
0x00007ff972a40000 - 0x00007ff972a72000 	C:\Windows\SYSTEM32\dbgcore.DLL
0x00007ff987420000 - 0x00007ff98749a000 	C:\Windows\System32\bcryptPrimitives.dll
0x00007ff9832f0000 - 0x00007ff9832fe000 	C:\Program Files\Android\Android Studio\jbr\bin\instrument.dll
0x00007ff934fb0000 - 0x00007ff934fd0000 	C:\Program Files\Android\Android Studio\jbr\bin\java.dll
0x00007ff921c70000 - 0x00007ff921c88000 	C:\Program Files\Android\Android Studio\jbr\bin\zip.dll
0x00007ff987550000 - 0x00007ff987daa000 	C:\Windows\System32\SHELL32.dll
0x00007ff9849c0000 - 0x00007ff9852b6000 	C:\Windows\SYSTEM32\windows.storage.dll
0x00007ff984880000 - 0x00007ff9849be000 	C:\Windows\SYSTEM32\wintypes.dll
0x00007ff988340000 - 0x00007ff988433000 	C:\Windows\System32\SHCORE.dll
0x00007ff9882c0000 - 0x00007ff98831e000 	C:\Windows\System32\shlwapi.dll
0x00007ff9869f0000 - 0x00007ff986a16000 	C:\Windows\SYSTEM32\profapi.dll
0x00007ff95f480000 - 0x00007ff95f490000 	C:\Program Files\Android\Android Studio\jbr\bin\net.dll
0x00007ff97f650000 - 0x00007ff97f787000 	C:\Windows\SYSTEM32\WINHTTP.dll
0x00007ff985f40000 - 0x00007ff985fa9000 	C:\Windows\system32\mswsock.dll
0x00007ff920450000 - 0x00007ff920466000 	C:\Program Files\Android\Android Studio\jbr\bin\nio.dll
0x00007ff94c650000 - 0x00007ff94c660000 	C:\Program Files\Android\Android Studio\jbr\bin\verify.dll
0x00007ff97a880000 - 0x00007ff97a8a7000 	C:\Users\asus\.gradle\native\c067742578af261105cb4f569cf0c3c89f3d7b1fecec35dd04571415982c5e48\windows-amd64\native-platform.dll
0x00007ff9475e0000 - 0x00007ff947724000 	C:\Users\asus\.gradle\native\38dada09dfb8b06ba9b0570ebf7e218e3eb74d4ef43ca46872605cf95ebc2f47\windows-amd64\native-platform-file-events.dll
0x00007ff955c00000 - 0x00007ff955c09000 	C:\Program Files\Android\Android Studio\jbr\bin\management.dll
0x00007ff9541a0000 - 0x00007ff9541ab000 	C:\Program Files\Android\Android Studio\jbr\bin\management_ext.dll
0x00007ff9886e0000 - 0x00007ff9886e8000 	C:\Windows\System32\PSAPI.DLL
0x00007ff9861a0000 - 0x00007ff9861bb000 	C:\Windows\SYSTEM32\CRYPTSP.dll
0x00007ff985a00000 - 0x00007ff985a35000 	C:\Windows\system32\rsaenh.dll
0x00007ff986030000 - 0x00007ff98605c000 	C:\Windows\SYSTEM32\USERENV.dll
0x00007ff986380000 - 0x00007ff9863a8000 	C:\Windows\SYSTEM32\bcrypt.dll
0x00007ff986190000 - 0x00007ff98619c000 	C:\Windows\SYSTEM32\CRYPTBASE.dll
0x00007ff985520000 - 0x00007ff98554d000 	C:\Windows\SYSTEM32\IPHLPAPI.DLL
0x00007ff9886d0000 - 0x00007ff9886d9000 	C:\Windows\System32\NSI.dll
0x00007ff955fd0000 - 0x00007ff955fd9000 	C:\Program Files\Android\Android Studio\jbr\bin\extnet.dll
0x00007ff981a60000 - 0x00007ff981a68000 	C:\Windows\system32\wshunix.dll

dbghelp: loaded successfully - version: 4.0.5 - missing functions: none
symbol engine: initialized successfully - sym options: 0x614 - pdb path: .;C:\Program Files\Android\Android Studio\jbr\bin;C:\Windows\SYSTEM32;C:\Windows\WinSxS\amd64_microsoft.windows.common-controls_6595b64144ccf1df_6.0.22621.2506_none_270c5ae97388e100;C:\Program Files\Android\Android Studio\jbr\bin\server;C:\Users\asus\.gradle\native\c067742578af261105cb4f569cf0c3c89f3d7b1fecec35dd04571415982c5e48\windows-amd64;C:\Users\asus\.gradle\native\38dada09dfb8b06ba9b0570ebf7e218e3eb74d4ef43ca46872605cf95ebc2f47\windows-amd64

VM Arguments:
jvm_args: --add-opens=java.base/java.util=ALL-UNNAMED --add-opens=java.base/java.lang=ALL-UNNAMED --add-opens=java.base/java.lang.invoke=ALL-UNNAMED --add-opens=java.prefs/java.util.prefs=ALL-UNNAMED --add-opens=java.base/java.nio.charset=ALL-UNNAMED --add-opens=java.base/java.net=ALL-UNNAMED --add-opens=java.base/java.util.concurrent.atomic=ALL-UNNAMED -Xmx2048m -Dfile.encoding=UTF-8 -Duser.country=IN -Duser.language=en -Duser.variant -javaagent:C:\Users\asus\.gradle\wrapper\dists\gradle-8.7-bin\bhs2wmbdwecv87pi65oeuq5iu\gradle-8.7\lib\agents\gradle-instrumentation-agent-8.7.jar 
java_command: org.gradle.launcher.daemon.bootstrap.GradleDaemon 8.7
java_class_path (initial): C:\Users\asus\.gradle\wrapper\dists\gradle-8.7-bin\bhs2wmbdwecv87pi65oeuq5iu\gradle-8.7\lib\gradle-launcher-8.7.jar
Launcher Type: SUN_STANDARD

[Global flags]
     intx CICompilerCount                          = 4                                         {product} {ergonomic}
     uint ConcGCThreads                            = 2                                         {product} {ergonomic}
     uint G1ConcRefinementThreads                  = 8                                         {product} {ergonomic}
   size_t G1HeapRegionSize                         = 1048576                                   {product} {ergonomic}
    uintx GCDrainStackTargetSize                   = 64                                        {product} {ergonomic}
   size_t InitialHeapSize                          = 130023424                                 {product} {ergonomic}
   size_t MarkStackSize                            = 4194304                                   {product} {ergonomic}
   size_t MaxHeapSize                              = 2147483648                                {product} {command line}
   size_t MaxNewSize                               = 1287651328                                {product} {ergonomic}
   size_t MinHeapDeltaBytes                        = 1048576                                   {product} {ergonomic}
   size_t MinHeapSize                              = 8388608                                   {product} {ergonomic}
    uintx NonNMethodCodeHeapSize                   = 5839372                                {pd product} {ergonomic}
    uintx NonProfiledCodeHeapSize                  = 122909434                              {pd product} {ergonomic}
    uintx ProfiledCodeHeapSize                     = 122909434                              {pd product} {ergonomic}
    uintx ReservedCodeCacheSize                    = 251658240                              {pd product} {ergonomic}
     bool SegmentedCodeCache                       = true                                      {product} {ergonomic}
   size_t SoftMaxHeapSize                          = 2147483648                             {manageable} {ergonomic}
     bool UseCompressedOops                        = true                           {product lp64_product} {ergonomic}
     bool UseG1GC                                  = true                                      {product} {ergonomic}
     bool UseLargePagesIndividualAllocation        = false                                  {pd product} {ergonomic}

Logging:
Log output configuration:
 #0: stdout all=warning uptime,level,tags foldmultilines=false
 #1: stderr all=off uptime,level,tags foldmultilines=false

Environment Variables:
PATH=C:\Windows\system32;C:\Windows;C:\Windows\System32\Wbem;C:\Windows\System32\WindowsPowerShell\v1.0\;C:\Windows\System32\OpenSSH\;C:\Program Files\Git\cmd;C:\Users\asus\AppData\Local\Microsoft\WindowsApps;
USERNAME=asus
OS=Windows_NT
PROCESSOR_IDENTIFIER=Intel64 Family 6 Model 140 Stepping 1, GenuineIntel
TMP=C:\Users\asus\AppData\Local\Temp
TEMP=C:\Users\asus\AppData\Local\Temp




Periodic native trim disabled

JNI global refs:
JNI global refs: 24, weak refs: 0

JNI global refs memory usage: 835, weak refs: 833

Process memory usage:
Resident Set Size: 259788K (3% of 8074028K total physical memory with 367304K free physical memory)

OOME stack traces (most recent first):
Classloader memory used:
Loader org.gradle.internal.classloader.VisitableURLClassLoader                         : 23236K
Loader bootstrap                                                                       : 21473K
Loader org.gradle.initialization.MixInLegacyTypesClassLoader                           : 6366K
Loader jdk.internal.loader.ClassLoaders$PlatformClassLoader                            : 518K
Loader jdk.internal.loader.ClassLoaders$AppClassLoader                                 : 230K
Loader org.gradle.internal.classloader.VisitableURLClassLoader                         : 30400B

Classes loaded by more than one classloader:
Class org.gradle.internal.classloader.FilteringClassLoader                            : loaded 2 times (x 101B)
Class org.gradle.internal.classloader.ClassLoaderHierarchy                            : loaded 2 times (x 66B)
Class org.gradle.api.internal.classpath.ManifestUtil                                  : loaded 2 times (x 67B)
Class org.gradle.internal.classloader.DefaultClassLoaderFactory                       : loaded 2 times (x 78B)
Class org.gradle.internal.classloader.ClassLoaderVisitor                              : loaded 2 times (x 72B)
Class org.gradle.api.internal.classpath.EffectiveClassPath                            : loaded 2 times (x 86B)
Class org.gradle.api.internal.DefaultClassPathProvider                                : loaded 2 times (x 72B)
Class [Lorg.gradle.api.internal.ClassPathProvider;                                    : loaded 2 times (x 65B)
Class org.gradle.api.internal.ClassPathProvider                                       : loaded 2 times (x 66B)
Class org.gradle.internal.service.UnknownServiceException                             : loaded 2 times (x 79B)
Class org.gradle.internal.classpath.TransformedClassPath                              : loaded 2 times (x 92B)
Class org.gradle.internal.service.ServiceLocator                                      : loaded 2 times (x 66B)
Class org.gradle.internal.InternalTransformer                                         : loaded 2 times (x 66B)
Class org.gradle.internal.classloader.ClasspathUtil$1                                 : loaded 2 times (x 72B)
Class org.gradle.api.internal.classpath.DefaultModuleRegistry$DefaultModule           : loaded 2 times (x 82B)
Class org.gradle.api.internal.classpath.Module                                        : loaded 2 times (x 66B)
Class org.gradle.api.internal.classpath.UnknownModuleException                        : loaded 2 times (x 78B)
Class org.gradle.cache.GlobalCache                                                    : loaded 2 times (x 66B)
Class org.gradle.api.internal.DefaultClassPathRegistry                                : loaded 2 times (x 72B)
Class org.gradle.api.internal.ClassPathRegistry                                       : loaded 2 times (x 66B)
Class org.gradle.internal.classpath.DefaultClassPath$ImmutableUniqueList              : loaded 2 times (x 195B)
Class Settings_gradle$1                                                               : loaded 2 times (x 70B)
Class Program                                                                         : loaded 2 times (x 68B)
Class org.gradle.internal.classpath.ClassPath                                         : loaded 2 times (x 66B)
Class org.gradle.api.UncheckedIOException                                             : loaded 2 times (x 78B)
Class org.gradle.internal.installation.GradleInstallation$1                           : loaded 2 times (x 71B)
Class org.gradle.api.internal.classpath.ModuleRegistry                                : loaded 2 times (x 66B)
Class org.gradle.api.internal.classpath.DefaultModuleRegistry                         : loaded 2 times (x 82B)
Class org.gradle.internal.service.ServiceLookupException                              : loaded 2 times (x 78B)
Class org.gradle.internal.classloader.ClassLoaderFactory                              : loaded 2 times (x 66B)
Class org.gradle.internal.service.CachingServiceLocator                               : loaded 2 times (x 78B)
Class org.gradle.internal.classloader.ClasspathUtil                                   : loaded 2 times (x 67B)
Class org.gradle.api.specs.Spec                                                       : loaded 2 times (x 66B)
Class org.gradle.internal.classloader.VisitableURLClassLoader$InstrumentingVisitableURLClassLoader: loaded 2 times (x 119B)
Class org.gradle.internal.classloader.VisitableURLClassLoader$Spec                    : loaded 2 times (x 70B)
Class org.gradle.internal.classpath.DefaultClassPath                                  : loaded 2 times (x 86B)
Class org.gradle.internal.classloader.ClassLoaderSpec                                 : loaded 2 times (x 67B)
Class Settings_gradle$1$1                                                             : loaded 2 times (x 70B)
Class org.gradle.internal.classloader.VisitableURLClassLoader                         : loaded 2 times (x 113B)
Class Settings_gradle                                                                 : loaded 2 times (x 124B)
Class org.gradle.internal.Cast                                                        : loaded 2 times (x 67B)
Class org.gradle.api.Action                                                           : loaded 2 times (x 66B)
Class org.gradle.internal.agents.InstrumentingClassLoader                             : loaded 2 times (x 66B)
Class org.gradle.internal.classpath.DefaultClassPath$ImmutableUniqueList$Builder      : loaded 2 times (x 71B)
Class org.gradle.api.GradleException                                                  : loaded 2 times (x 78B)
Class org.gradle.internal.IoActions                                                   : loaded 2 times (x 67B)
Class org.gradle.internal.classloader.SystemClassLoaderSpec                           : loaded 2 times (x 67B)
Class org.gradle.internal.installation.CurrentGradleInstallationLocator               : loaded 2 times (x 67B)
Class org.gradle.internal.service.DefaultServiceLocator                               : loaded 2 times (x 79B)
Class org.gradle.internal.installation.CurrentGradleInstallation                      : loaded 2 times (x 69B)
Class org.gradle.util.internal.GUtil                                                  : loaded 2 times (x 67B)
Class org.gradle.internal.installation.GradleInstallation                             : loaded 2 times (x 71B)

---------------  S Y S T E M  ---------------

OS:
 Windows 11 , 64 bit Build 22621 (10.0.22621.2506)
OS uptime: 1 days 20:50 hours

CPU: total 8 (initial active 8) (4 cores per cpu, 2 threads per core) family 6 model 140 stepping 1 microcode 0x86, cx8, cmov, fxsr, ht, mmx, 3dnowpref, sse, sse2, sse3, ssse3, sse4.1, sse4.2, popcnt, lzcnt, tsc, tscinvbit, avx, avx2, aes, erms, clmul, bmi1, bmi2, adx, avx512f, avx512dq, avx512cd, avx512bw, avx512vl, sha, fma, vzeroupper, avx512_vpopcntdq, avx512_vpclmulqdq, avx512_vaes, avx512_vnni, clflush, clflushopt, clwb, avx512_vbmi2, avx512_vbmi, rdtscp, rdpid, fsrm, gfni, avx512_bitalg, f16c, pku, cet_ibt, cet_ss, avx512_ifma
Processor Information for all 8 processors :
  Max Mhz: 2419, Current Mhz: 2419, Mhz Limit: 2419

Memory: 4k page, system-wide physical 7884M (358M free)
TotalPageFile size 20509M (AvailPageFile size 16M)
current process WorkingSet (physical memory assigned to process): 254M, peak: 265M
current process commit charge ("private bytes"): 289M, peak: 300M

vm_info: OpenJDK 64-Bit Server VM (21.0.4+-12508038-b607.1) for windows-amd64 JRE (21.0.4+-12508038-b607.1), built on 2024-10-16T17:23:34Z by "builder" with MS VC++ 16.10 / 16.11 (VS2019)

END.
