#
# There is insufficient memory for the Java Runtime Environment to continue.
# Native memory allocation (malloc) failed to allocate 913776 bytes. Error detail: Chunk::new
# Possible reasons:
#   The system is out of physical RAM or swap space
#   This process is running with CompressedOops enabled, and the Java Heap may be blocking the growth of the native heap
# Possible solutions:
#   Reduce memory load on the system
#   Increase physical memory or swap space
#   Check if swap backing store is full
#   Decrease Java heap size (-Xmx/-Xms)
#   Decrease number of Java threads
#   Decrease Java thread stack sizes (-Xss)
#   Set larger code cache with -XX:ReservedCodeCacheSize=
#   JVM is running with Unscaled Compressed Oops mode in which the Java heap is
#     placed in the first 4GB address space. The Java Heap base address is the
#     maximum limit for the native heap growth. Please use -XX:HeapBaseMinAddress
#     to set the Java Heap base and to place the Java Heap above 4GB virtual address.
# This output file may be truncated or incomplete.
#
#  Out of Memory Error (arena.cpp:168), pid=11456, tid=22144
#
# JRE version: OpenJDK Runtime Environment (21.0.4) (build 21.0.4+-12508038-b607.1)
# Java VM: OpenJDK 64-Bit Server VM (21.0.4+-12508038-b607.1, mixed mode, tiered, compressed oops, compressed class ptrs, g1 gc, windows-amd64)
# No core dump will be written. Minidumps are not enabled by default on client versions of Windows
#

---------------  S U M M A R Y ------------

Command Line: --add-opens=java.base/java.util=ALL-UNNAMED --add-opens=java.base/java.lang=ALL-UNNAMED --add-opens=java.base/java.lang.invoke=ALL-UNNAMED --add-opens=java.prefs/java.util.prefs=ALL-UNNAMED --add-opens=java.base/java.nio.charset=ALL-UNNAMED --add-opens=java.base/java.net=ALL-UNNAMED --add-opens=java.base/java.util.concurrent.atomic=ALL-UNNAMED -Xmx2048m -Dfile.encoding=UTF-8 -Duser.country=IN -Duser.language=en -Duser.variant -javaagent:C:\Users\asus\.gradle\wrapper\dists\gradle-8.7-bin\bhs2wmbdwecv87pi65oeuq5iu\gradle-8.7\lib\agents\gradle-instrumentation-agent-8.7.jar org.gradle.launcher.daemon.bootstrap.GradleDaemon 8.7

Host: 11th Gen Intel(R) Core(TM) i5-1135G7 @ 2.40GHz, 8 cores, 7G,  Windows 11 , 64 bit Build 22621 (10.0.22621.2506)
Time: Thu Feb 13 00:26:07 2025 India Standard Time elapsed time: 12.504592 seconds (0d 0h 0m 12s)

---------------  T H R E A D  ---------------

Current thread (0x0000013f26783de0):  JavaThread "C2 CompilerThread1" daemon [_thread_in_native, id=22144, stack(0x0000003c9a300000,0x0000003c9a400000) (1024K)]


Current CompileTask:
C2:  12504 7522   !   4       java.net.URLClassLoader::defineClass (224 bytes)

Stack: [0x0000003c9a300000,0x0000003c9a400000]
Native frames: (J=compiled Java code, j=interpreted, Vv=VM code, C=native code)
V  [jvm.dll+0x6ce539]
V  [jvm.dll+0x85bf03]
V  [jvm.dll+0x85e45e]
V  [jvm.dll+0x85eb43]
V  [jvm.dll+0x27dd06]
V  [jvm.dll+0xbf9cd]
V  [jvm.dll+0xbff03]
V  [jvm.dll+0x2f19c1]
V  [jvm.dll+0x5f8d79]
V  [jvm.dll+0x2503d2]
V  [jvm.dll+0x25078f]
V  [jvm.dll+0x249065]
V  [jvm.dll+0x2468be]
V  [jvm.dll+0x1c58a4]
V  [jvm.dll+0x255fec]
V  [jvm.dll+0x254536]
V  [jvm.dll+0x3efab6]
V  [jvm.dll+0x804418]
V  [jvm.dll+0x6cce0d]
C  [ucrtbase.dll+0x29363]
C  [KERNEL32.DLL+0x1257d]
C  [ntdll.dll+0x5aa58]


---------------  P R O C E S S  ---------------

Threads class SMR info:
_java_thread_list=0x0000013f269ef380, length=62, elements={
0x0000013f0431b150, 0x0000013f220b7320, 0x0000013f22097b90, 0x0000013f220a5eb0,
0x0000013f220e1f00, 0x0000013f220e2570, 0x0000013f220e2fd0, 0x0000013f2209c270,
0x0000013f220e3e90, 0x0000013f2221e1e0, 0x0000013f223b2130, 0x0000013f23d7e100,
0x0000013f23148110, 0x0000013f23f319b0, 0x0000013f242cb210, 0x0000013f23f57950,
0x0000013f23b34010, 0x0000013f23d68720, 0x0000013f23d6a160, 0x0000013f23d66ce0,
0x0000013f23d67370, 0x0000013f23d67a00, 0x0000013f23d69440, 0x0000013f23d68090,
0x0000013f23d68db0, 0x0000013f2345c6e0, 0x0000013f2345fb60, 0x0000013f2345e7b0,
0x0000013f2345b9c0, 0x0000013f2345da90, 0x0000013f2345e120, 0x0000013f23461c30,
0x0000013f2345c050, 0x0000013f23462950, 0x0000013f2345cd70, 0x0000013f234615a0,
0x0000013f2345d400, 0x0000013f255c6980, 0x0000013f255c8a50, 0x0000013f255c90e0,
0x0000013f255c83c0, 0x0000013f255c9770, 0x0000013f255c9e00, 0x0000013f255cbed0,
0x0000013f255ca490, 0x0000013f255c76a0, 0x0000013f255cab20, 0x0000013f255c7010,
0x0000013f255c7d30, 0x0000013f255cb1b0, 0x0000013f255cc560, 0x0000013f255ccbf0,
0x0000013f255cd280, 0x0000013f255cd910, 0x0000013f255cdfa0, 0x0000013f22987110,
0x0000013f22987e30, 0x0000013f2298ccf0, 0x0000013f229884c0, 0x0000013f2298a590,
0x0000013f26783de0, 0x0000013f2298bfd0
}

Java Threads: ( => current thread )
  0x0000013f0431b150 JavaThread "main"                              [_thread_blocked, id=5900, stack(0x0000003c99100000,0x0000003c99200000) (1024K)]
  0x0000013f220b7320 JavaThread "Reference Handler"          daemon [_thread_blocked, id=21836, stack(0x0000003c99900000,0x0000003c99a00000) (1024K)]
  0x0000013f22097b90 JavaThread "Finalizer"                  daemon [_thread_blocked, id=12416, stack(0x0000003c99a00000,0x0000003c99b00000) (1024K)]
  0x0000013f220a5eb0 JavaThread "Signal Dispatcher"          daemon [_thread_blocked, id=13604, stack(0x0000003c99b00000,0x0000003c99c00000) (1024K)]
  0x0000013f220e1f00 JavaThread "Attach Listener"            daemon [_thread_blocked, id=21872, stack(0x0000003c99c00000,0x0000003c99d00000) (1024K)]
  0x0000013f220e2570 JavaThread "Service Thread"             daemon [_thread_blocked, id=11256, stack(0x0000003c99d00000,0x0000003c99e00000) (1024K)]
  0x0000013f220e2fd0 JavaThread "Monitor Deflation Thread"   daemon [_thread_blocked, id=16904, stack(0x0000003c99e00000,0x0000003c99f00000) (1024K)]
  0x0000013f2209c270 JavaThread "C2 CompilerThread0"         daemon [_thread_in_native, id=17040, stack(0x0000003c99f00000,0x0000003c9a000000) (1024K)]
  0x0000013f220e3e90 JavaThread "C1 CompilerThread0"         daemon [_thread_blocked, id=7652, stack(0x0000003c9a000000,0x0000003c9a100000) (1024K)]
  0x0000013f2221e1e0 JavaThread "Common-Cleaner"             daemon [_thread_blocked, id=18552, stack(0x0000003c9a100000,0x0000003c9a200000) (1024K)]
  0x0000013f223b2130 JavaThread "Notification Thread"        daemon [_thread_blocked, id=20160, stack(0x0000003c9a200000,0x0000003c9a300000) (1024K)]
  0x0000013f23d7e100 JavaThread "Daemon health stats"               [_thread_blocked, id=1280, stack(0x0000003c9a800000,0x0000003c9a900000) (1024K)]
  0x0000013f23148110 JavaThread "Incoming local TCP Connector on port 59094"        [_thread_in_native, id=8280, stack(0x0000003c9a900000,0x0000003c9aa00000) (1024K)]
  0x0000013f23f319b0 JavaThread "Daemon periodic checks"            [_thread_blocked, id=16168, stack(0x0000003c9aa00000,0x0000003c9ab00000) (1024K)]
  0x0000013f242cb210 JavaThread "Daemon"                            [_thread_blocked, id=12028, stack(0x0000003c9ab00000,0x0000003c9ac00000) (1024K)]
  0x0000013f23f57950 JavaThread "Handler for socket connection from /127.0.0.1:59094 to /127.0.0.1:59095"        [_thread_in_native, id=10444, stack(0x0000003c9ac00000,0x0000003c9ad00000) (1024K)]
  0x0000013f23b34010 JavaThread "Cancel handler"                    [_thread_blocked, id=15492, stack(0x0000003c9ad00000,0x0000003c9ae00000) (1024K)]
  0x0000013f23d68720 JavaThread "Daemon worker"                     [_thread_in_vm, id=4536, stack(0x0000003c9ae00000,0x0000003c9af00000) (1024K)]
  0x0000013f23d6a160 JavaThread "Asynchronous log dispatcher for DefaultDaemonConnection: socket connection from /127.0.0.1:59094 to /127.0.0.1:59095"        [_thread_blocked, id=20196, stack(0x0000003c9af00000,0x0000003c9b000000) (1024K)]
  0x0000013f23d66ce0 JavaThread "Stdin handler"                     [_thread_blocked, id=3308, stack(0x0000003c9b000000,0x0000003c9b100000) (1024K)]
  0x0000013f23d67370 JavaThread "Daemon client event forwarder"        [_thread_blocked, id=3632, stack(0x0000003c9b100000,0x0000003c9b200000) (1024K)]
  0x0000013f23d67a00 JavaThread "Cache worker for journal cache (C:\Users\asus\.gradle\caches\journal-1)"        [_thread_blocked, id=8628, stack(0x0000003c9b600000,0x0000003c9b700000) (1024K)]
  0x0000013f23d69440 JavaThread "File lock request listener"        [_thread_in_native, id=22024, stack(0x0000003c9b700000,0x0000003c9b800000) (1024K)]
  0x0000013f23d68090 JavaThread "Cache worker for file hash cache (C:\Users\asus\.gradle\caches\8.7\fileHashes)"        [_thread_blocked, id=6828, stack(0x0000003c9b800000,0x0000003c9b900000) (1024K)]
  0x0000013f23d68db0 JavaThread "Cache worker for file hash cache (E:\Users\mkjl4\AndroidStudioProjects\HaveneraOwner\.gradle\8.7\fileHashes)"        [_thread_blocked, id=8968, stack(0x0000003c9b900000,0x0000003c9ba00000) (1024K)]
  0x0000013f2345c6e0 JavaThread "File watcher server"        daemon [_thread_in_native, id=21032, stack(0x0000003c9ba00000,0x0000003c9bb00000) (1024K)]
  0x0000013f2345fb60 JavaThread "File watcher consumer"      daemon [_thread_blocked, id=18808, stack(0x0000003c9bb00000,0x0000003c9bc00000) (1024K)]
  0x0000013f2345e7b0 JavaThread "Cache worker for checksums cache (E:\Users\mkjl4\AndroidStudioProjects\HaveneraOwner\.gradle\8.7\checksums)"        [_thread_blocked, id=18944, stack(0x0000003c9bc00000,0x0000003c9bd00000) (1024K)]
  0x0000013f2345b9c0 JavaThread "Cache worker for cache directory md-supplier (C:\Users\asus\.gradle\caches\8.7\md-supplier)"        [_thread_blocked, id=19812, stack(0x0000003c9bd00000,0x0000003c9be00000) (1024K)]
  0x0000013f2345da90 JavaThread "Cache worker for cache directory md-rule (C:\Users\asus\.gradle\caches\8.7\md-rule)"        [_thread_blocked, id=16436, stack(0x0000003c9be00000,0x0000003c9bf00000) (1024K)]
  0x0000013f2345e120 JavaThread "Cache worker for file content cache (C:\Users\asus\.gradle\caches\8.7\fileContent)"        [_thread_blocked, id=6392, stack(0x0000003c9bf00000,0x0000003c9c000000) (1024K)]
  0x0000013f23461c30 JavaThread "Cache worker for Build Output Cleanup Cache (E:\Users\mkjl4\AndroidStudioProjects\HaveneraOwner\.gradle\buildOutputCleanup)"        [_thread_blocked, id=20888, stack(0x0000003c9c000000,0x0000003c9c100000) (1024K)]
  0x0000013f2345c050 JavaThread "Unconstrained build operations"        [_thread_blocked, id=20316, stack(0x0000003c9c100000,0x0000003c9c200000) (1024K)]
  0x0000013f23462950 JavaThread "Unconstrained build operations Thread 2"        [_thread_blocked, id=11036, stack(0x0000003c9c200000,0x0000003c9c300000) (1024K)]
  0x0000013f2345cd70 JavaThread "Unconstrained build operations Thread 3"        [_thread_blocked, id=21460, stack(0x0000003c9c300000,0x0000003c9c400000) (1024K)]
  0x0000013f234615a0 JavaThread "Unconstrained build operations Thread 4"        [_thread_blocked, id=17112, stack(0x0000003c9c400000,0x0000003c9c500000) (1024K)]
  0x0000013f2345d400 JavaThread "Unconstrained build operations Thread 5"        [_thread_blocked, id=17492, stack(0x0000003c9c500000,0x0000003c9c600000) (1024K)]
  0x0000013f255c6980 JavaThread "Unconstrained build operations Thread 6"        [_thread_blocked, id=6940, stack(0x0000003c9c600000,0x0000003c9c700000) (1024K)]
  0x0000013f255c8a50 JavaThread "Unconstrained build operations Thread 7"        [_thread_blocked, id=21864, stack(0x0000003c9c700000,0x0000003c9c800000) (1024K)]
  0x0000013f255c90e0 JavaThread "Unconstrained build operations Thread 8"        [_thread_blocked, id=12960, stack(0x0000003c9c800000,0x0000003c9c900000) (1024K)]
  0x0000013f255c83c0 JavaThread "Unconstrained build operations Thread 9"        [_thread_blocked, id=21540, stack(0x0000003c9c900000,0x0000003c9ca00000) (1024K)]
  0x0000013f255c9770 JavaThread "Unconstrained build operations Thread 10"        [_thread_blocked, id=17708, stack(0x0000003c9ca00000,0x0000003c9cb00000) (1024K)]
  0x0000013f255c9e00 JavaThread "Unconstrained build operations Thread 11"        [_thread_blocked, id=3084, stack(0x0000003c9cb00000,0x0000003c9cc00000) (1024K)]
  0x0000013f255cbed0 JavaThread "Unconstrained build operations Thread 12"        [_thread_blocked, id=15276, stack(0x0000003c9cc00000,0x0000003c9cd00000) (1024K)]
  0x0000013f255ca490 JavaThread "Unconstrained build operations Thread 13"        [_thread_blocked, id=10560, stack(0x0000003c9cd00000,0x0000003c9ce00000) (1024K)]
  0x0000013f255c76a0 JavaThread "Unconstrained build operations Thread 14"        [_thread_blocked, id=18624, stack(0x0000003c9ce00000,0x0000003c9cf00000) (1024K)]
  0x0000013f255cab20 JavaThread "Unconstrained build operations Thread 15"        [_thread_blocked, id=1488, stack(0x0000003c9cf00000,0x0000003c9d000000) (1024K)]
  0x0000013f255c7010 JavaThread "Unconstrained build operations Thread 16"        [_thread_blocked, id=968, stack(0x0000003c9d000000,0x0000003c9d100000) (1024K)]
  0x0000013f255c7d30 JavaThread "Unconstrained build operations Thread 17"        [_thread_blocked, id=2080, stack(0x0000003c9d100000,0x0000003c9d200000) (1024K)]
  0x0000013f255cb1b0 JavaThread "Unconstrained build operations Thread 18"        [_thread_blocked, id=11440, stack(0x0000003c9d200000,0x0000003c9d300000) (1024K)]
  0x0000013f255cc560 JavaThread "Unconstrained build operations Thread 19"        [_thread_blocked, id=9072, stack(0x0000003c9d300000,0x0000003c9d400000) (1024K)]
  0x0000013f255ccbf0 JavaThread "Unconstrained build operations Thread 20"        [_thread_blocked, id=12344, stack(0x0000003c9d400000,0x0000003c9d500000) (1024K)]
  0x0000013f255cd280 JavaThread "Unconstrained build operations Thread 21"        [_thread_blocked, id=21040, stack(0x0000003c9d500000,0x0000003c9d600000) (1024K)]
  0x0000013f255cd910 JavaThread "Unconstrained build operations Thread 22"        [_thread_blocked, id=20324, stack(0x0000003c9d600000,0x0000003c9d700000) (1024K)]
  0x0000013f255cdfa0 JavaThread "Unconstrained build operations Thread 23"        [_thread_blocked, id=13808, stack(0x0000003c9d700000,0x0000003c9d800000) (1024K)]
  0x0000013f22987110 JavaThread "Unconstrained build operations Thread 24"        [_thread_blocked, id=14364, stack(0x0000003c9d800000,0x0000003c9d900000) (1024K)]
  0x0000013f22987e30 JavaThread "Unconstrained build operations Thread 25"        [_thread_blocked, id=20620, stack(0x0000003c9d900000,0x0000003c9da00000) (1024K)]
  0x0000013f2298ccf0 JavaThread "Unconstrained build operations Thread 26"        [_thread_blocked, id=13944, stack(0x0000003c9da00000,0x0000003c9db00000) (1024K)]
  0x0000013f229884c0 JavaThread "Unconstrained build operations Thread 27"        [_thread_blocked, id=15176, stack(0x0000003c9db00000,0x0000003c9dc00000) (1024K)]
  0x0000013f2298a590 JavaThread "Unconstrained build operations Thread 28"        [_thread_blocked, id=16728, stack(0x0000003c9dc00000,0x0000003c9dd00000) (1024K)]
=>0x0000013f26783de0 JavaThread "C2 CompilerThread1"         daemon [_thread_in_native, id=22144, stack(0x0000003c9a300000,0x0000003c9a400000) (1024K)]
  0x0000013f2298bfd0 JavaThread "build event listener"              [_thread_blocked, id=1076, stack(0x0000003c9dd00000,0x0000003c9de00000) (1024K)]
Total: 62

Other Threads:
  0x0000013f2201d480 VMThread "VM Thread"                           [id=2128, stack(0x0000003c99800000,0x0000003c99900000) (1024K)]
  0x0000013f1dac5b90 WatcherThread "VM Periodic Task Thread"        [id=19864, stack(0x0000003c99700000,0x0000003c99800000) (1024K)]
  0x0000013f0658b640 WorkerThread "GC Thread#0"                     [id=15864, stack(0x0000003c99200000,0x0000003c99300000) (1024K)]
  0x0000013f22e939c0 WorkerThread "GC Thread#1"                     [id=10224, stack(0x0000003c9a400000,0x0000003c9a500000) (1024K)]
  0x0000013f229f9e90 WorkerThread "GC Thread#2"                     [id=8660, stack(0x0000003c9a500000,0x0000003c9a600000) (1024K)]
  0x0000013f229fa230 WorkerThread "GC Thread#3"                     [id=16024, stack(0x0000003c9a600000,0x0000003c9a700000) (1024K)]
  0x0000013f229fa5d0 WorkerThread "GC Thread#4"                     [id=16560, stack(0x0000003c9a700000,0x0000003c9a800000) (1024K)]
  0x0000013f23b137b0 WorkerThread "GC Thread#5"                     [id=8296, stack(0x0000003c9b200000,0x0000003c9b300000) (1024K)]
  0x0000013f2422f370 WorkerThread "GC Thread#6"                     [id=9468, stack(0x0000003c9b300000,0x0000003c9b400000) (1024K)]
  0x0000013f2422f710 WorkerThread "GC Thread#7"                     [id=12016, stack(0x0000003c9b400000,0x0000003c9b500000) (1024K)]
  0x0000013f0659d7a0 ConcurrentGCThread "G1 Main Marker"            [id=10944, stack(0x0000003c99300000,0x0000003c99400000) (1024K)]
  0x0000013f0659e2a0 WorkerThread "G1 Conc#0"                       [id=10632, stack(0x0000003c99400000,0x0000003c99500000) (1024K)]
  0x0000013f2302cba0 WorkerThread "G1 Conc#1"                       [id=17108, stack(0x0000003c9b500000,0x0000003c9b600000) (1024K)]
  0x0000013f1d99b0c0 ConcurrentGCThread "G1 Refine#0"               [id=17548, stack(0x0000003c99500000,0x0000003c99600000) (1024K)]
  0x0000013f1d99ba40 ConcurrentGCThread "G1 Service"                [id=22080, stack(0x0000003c99600000,0x0000003c99700000) (1024K)]
Total: 15

Threads with active compile tasks:
C2 CompilerThread0    12543 7512   !   4       java.net.URLClassLoader$1::run (81 bytes)
C2 CompilerThread1    12543 7522   !   4       java.net.URLClassLoader::defineClass (224 bytes)
Total: 2

VM state: not at safepoint (normal execution)

VM Mutex/Monitor currently owned by a thread: None

Heap address: 0x0000000080000000, size: 2048 MB, Compressed Oops mode: 32-bit

CDS archive(s) not mapped
Compressed class space mapped at: 0x0000000100000000-0x0000000140000000, reserved size: 1073741824
Narrow klass base: 0x0000000000000000, Narrow klass shift: 3, Narrow klass range: 0x140000000

GC Precious Log:
 CardTable entry size: 512
 Card Set container configuration: InlinePtr #cards 5 size 8 Array Of Cards #cards 12 size 40 Howl #buckets 4 coarsen threshold 1843 Howl Bitmap #cards 512 size 80 coarsen threshold 460 Card regions per heap region 1 cards per card region 2048
 CPUs: 8 total, 8 available
 Memory: 7884M
 Large Page Support: Disabled
 NUMA Support: Disabled
 Compressed Oops: Enabled (32-bit)
 Heap Region Size: 1M
 Heap Min Capacity: 8M
 Heap Initial Capacity: 124M
 Heap Max Capacity: 2G
 Pre-touch: Disabled
 Parallel Workers: 8
 Concurrent Workers: 2
 Concurrent Refinement Workers: 8
 Periodic GC: Disabled

Heap:
 garbage-first heap   total 112640K, used 71221K [0x0000000080000000, 0x0000000100000000)
  region size 1024K, 7 young (7168K), 2 survivors (2048K)
 Metaspace       used 67291K, committed 68992K, reserved 1114112K
  class space    used 9072K, committed 9920K, reserved 1048576K

Heap Regions: E=young(eden), S=young(survivor), O=old, HS=humongous(starts), HC=humongous(continues), CS=collection set, F=free, TAMS=top-at-mark-start, PB=parsable bottom
|   0|0x0000000080000000, 0x0000000080100000, 0x0000000080100000|100%|HS|  |TAMS 0x0000000080000000| PB 0x0000000080000000| Complete 
|   1|0x0000000080100000, 0x0000000080200000, 0x0000000080200000|100%|HC|  |TAMS 0x0000000080100000| PB 0x0000000080100000| Complete 
|   2|0x0000000080200000, 0x0000000080300000, 0x0000000080300000|100%|HC|  |TAMS 0x0000000080200000| PB 0x0000000080200000| Complete 
|   3|0x0000000080300000, 0x0000000080400000, 0x0000000080400000|100%|HC|  |TAMS 0x0000000080300000| PB 0x0000000080300000| Complete 
|   4|0x0000000080400000, 0x0000000080500000, 0x0000000080500000|100%| O|  |TAMS 0x0000000080400000| PB 0x0000000080400000| Untracked 
|   5|0x0000000080500000, 0x0000000080600000, 0x0000000080600000|100%| O|  |TAMS 0x0000000080500000| PB 0x0000000080500000| Untracked 
|   6|0x0000000080600000, 0x0000000080700000, 0x0000000080700000|100%| O|  |TAMS 0x0000000080600000| PB 0x0000000080600000| Untracked 
|   7|0x0000000080700000, 0x0000000080800000, 0x0000000080800000|100%| O|  |TAMS 0x0000000080700000| PB 0x0000000080700000| Untracked 
|   8|0x0000000080800000, 0x0000000080900000, 0x0000000080900000|100%| O|  |TAMS 0x0000000080800000| PB 0x0000000080800000| Untracked 
|   9|0x0000000080900000, 0x0000000080a00000, 0x0000000080a00000|100%| O|  |TAMS 0x0000000080900000| PB 0x0000000080900000| Untracked 
|  10|0x0000000080a00000, 0x0000000080b00000, 0x0000000080b00000|100%| O|  |TAMS 0x0000000080a00000| PB 0x0000000080a00000| Untracked 
|  11|0x0000000080b00000, 0x0000000080c00000, 0x0000000080c00000|100%| O|  |TAMS 0x0000000080b00000| PB 0x0000000080b00000| Untracked 
|  12|0x0000000080c00000, 0x0000000080d00000, 0x0000000080d00000|100%| O|  |TAMS 0x0000000080c00000| PB 0x0000000080c00000| Untracked 
|  13|0x0000000080d00000, 0x0000000080e00000, 0x0000000080e00000|100%| O|  |TAMS 0x0000000080d00000| PB 0x0000000080d00000| Untracked 
|  14|0x0000000080e00000, 0x0000000080f00000, 0x0000000080f00000|100%| O|  |TAMS 0x0000000080e00000| PB 0x0000000080e00000| Untracked 
|  15|0x0000000080f00000, 0x0000000081000000, 0x0000000081000000|100%| O|  |TAMS 0x0000000080f00000| PB 0x0000000080f00000| Untracked 
|  16|0x0000000081000000, 0x0000000081100000, 0x0000000081100000|100%| O|  |TAMS 0x0000000081000000| PB 0x0000000081000000| Untracked 
|  17|0x0000000081100000, 0x0000000081200000, 0x0000000081200000|100%| O|  |TAMS 0x0000000081100000| PB 0x0000000081100000| Untracked 
|  18|0x0000000081200000, 0x0000000081300000, 0x0000000081300000|100%| O|  |TAMS 0x0000000081200000| PB 0x0000000081200000| Untracked 
|  19|0x0000000081300000, 0x0000000081400000, 0x0000000081400000|100%| O|  |TAMS 0x0000000081300000| PB 0x0000000081300000| Untracked 
|  20|0x0000000081400000, 0x0000000081500000, 0x0000000081500000|100%| O|  |TAMS 0x0000000081400000| PB 0x0000000081400000| Untracked 
|  21|0x0000000081500000, 0x0000000081600000, 0x0000000081600000|100%| O|  |TAMS 0x0000000081500000| PB 0x0000000081500000| Untracked 
|  22|0x0000000081600000, 0x0000000081700000, 0x0000000081700000|100%| O|  |TAMS 0x0000000081600000| PB 0x0000000081600000| Untracked 
|  23|0x0000000081700000, 0x0000000081800000, 0x0000000081800000|100%| O|  |TAMS 0x0000000081700000| PB 0x0000000081700000| Untracked 
|  24|0x0000000081800000, 0x0000000081900000, 0x0000000081900000|100%| O|  |TAMS 0x0000000081800000| PB 0x0000000081800000| Untracked 
|  25|0x0000000081900000, 0x0000000081a00000, 0x0000000081a00000|100%| O|  |TAMS 0x0000000081900000| PB 0x0000000081900000| Untracked 
|  26|0x0000000081a00000, 0x0000000081b00000, 0x0000000081b00000|100%| O|  |TAMS 0x0000000081a00000| PB 0x0000000081a00000| Untracked 
|  27|0x0000000081b00000, 0x0000000081c00000, 0x0000000081c00000|100%| O|  |TAMS 0x0000000081b00000| PB 0x0000000081b00000| Untracked 
|  28|0x0000000081c00000, 0x0000000081d00000, 0x0000000081d00000|100%| O|  |TAMS 0x0000000081c00000| PB 0x0000000081c00000| Untracked 
|  29|0x0000000081d00000, 0x0000000081e00000, 0x0000000081e00000|100%| O|  |TAMS 0x0000000081d00000| PB 0x0000000081d00000| Untracked 
|  30|0x0000000081e00000, 0x0000000081f00000, 0x0000000081f00000|100%| O|  |TAMS 0x0000000081e00000| PB 0x0000000081e00000| Untracked 
|  31|0x0000000081f00000, 0x0000000082000000, 0x0000000082000000|100%| O|  |TAMS 0x0000000081f00000| PB 0x0000000081f00000| Untracked 
|  32|0x0000000082000000, 0x0000000082000000, 0x0000000082100000|  0%| F|  |TAMS 0x0000000082000000| PB 0x0000000082000000| Untracked 
|  33|0x0000000082100000, 0x0000000082200000, 0x0000000082200000|100%| O|  |TAMS 0x0000000082100000| PB 0x0000000082100000| Untracked 
|  34|0x0000000082200000, 0x0000000082300000, 0x0000000082300000|100%| O|  |TAMS 0x0000000082200000| PB 0x0000000082200000| Untracked 
|  35|0x0000000082300000, 0x0000000082400000, 0x0000000082400000|100%| O|  |TAMS 0x0000000082300000| PB 0x0000000082300000| Untracked 
|  36|0x0000000082400000, 0x0000000082500000, 0x0000000082500000|100%| O|  |TAMS 0x0000000082400000| PB 0x0000000082400000| Untracked 
|  37|0x0000000082500000, 0x0000000082600000, 0x0000000082600000|100%| O|  |TAMS 0x0000000082500000| PB 0x0000000082500000| Untracked 
|  38|0x0000000082600000, 0x0000000082700000, 0x0000000082700000|100%| O|  |TAMS 0x0000000082600000| PB 0x0000000082600000| Untracked 
|  39|0x0000000082700000, 0x0000000082800000, 0x0000000082800000|100%| O|Cm|TAMS 0x0000000082700000| PB 0x0000000082700000| Complete 
|  40|0x0000000082800000, 0x0000000082900000, 0x0000000082900000|100%|HS|  |TAMS 0x0000000082800000| PB 0x0000000082800000| Complete 
|  41|0x0000000082900000, 0x0000000082900000, 0x0000000082a00000|  0%| F|  |TAMS 0x0000000082900000| PB 0x0000000082900000| Untracked 
|  42|0x0000000082a00000, 0x0000000082b00000, 0x0000000082b00000|100%| O|  |TAMS 0x0000000082a00000| PB 0x0000000082a00000| Untracked 
|  43|0x0000000082b00000, 0x0000000082c00000, 0x0000000082c00000|100%|HS|  |TAMS 0x0000000082b00000| PB 0x0000000082b00000| Complete 
|  44|0x0000000082c00000, 0x0000000082d00000, 0x0000000082d00000|100%|HS|  |TAMS 0x0000000082c00000| PB 0x0000000082c00000| Complete 
|  45|0x0000000082d00000, 0x0000000082e00000, 0x0000000082e00000|100%|HC|  |TAMS 0x0000000082d00000| PB 0x0000000082d00000| Complete 
|  46|0x0000000082e00000, 0x0000000082f00000, 0x0000000082f00000|100%|HS|  |TAMS 0x0000000082e00000| PB 0x0000000082e00000| Complete 
|  47|0x0000000082f00000, 0x0000000083000000, 0x0000000083000000|100%|HC|  |TAMS 0x0000000082f00000| PB 0x0000000082f00000| Complete 
|  48|0x0000000083000000, 0x0000000083100000, 0x0000000083100000|100%|HS|  |TAMS 0x0000000083000000| PB 0x0000000083000000| Complete 
|  49|0x0000000083100000, 0x0000000083200000, 0x0000000083200000|100%|HS|  |TAMS 0x0000000083100000| PB 0x0000000083100000| Complete 
|  50|0x0000000083200000, 0x0000000083300000, 0x0000000083300000|100%|HC|  |TAMS 0x0000000083200000| PB 0x0000000083200000| Complete 
|  51|0x0000000083300000, 0x0000000083400000, 0x0000000083400000|100%|HC|  |TAMS 0x0000000083300000| PB 0x0000000083300000| Complete 
|  52|0x0000000083400000, 0x0000000083500000, 0x0000000083500000|100%|HS|  |TAMS 0x0000000083400000| PB 0x0000000083400000| Complete 
|  53|0x0000000083500000, 0x0000000083600000, 0x0000000083600000|100%|HS|  |TAMS 0x0000000083500000| PB 0x0000000083500000| Complete 
|  54|0x0000000083600000, 0x0000000083700000, 0x0000000083700000|100%|HS|  |TAMS 0x0000000083600000| PB 0x0000000083600000| Complete 
|  55|0x0000000083700000, 0x0000000083800000, 0x0000000083800000|100%| O|  |TAMS 0x0000000083700000| PB 0x0000000083700000| Untracked 
|  56|0x0000000083800000, 0x0000000083900000, 0x0000000083900000|100%| O|  |TAMS 0x0000000083800000| PB 0x0000000083800000| Untracked 
|  57|0x0000000083900000, 0x0000000083a00000, 0x0000000083a00000|100%| O|  |TAMS 0x0000000083900000| PB 0x0000000083900000| Untracked 
|  58|0x0000000083a00000, 0x0000000083b00000, 0x0000000083b00000|100%| O|  |TAMS 0x0000000083a00000| PB 0x0000000083a00000| Untracked 
|  59|0x0000000083b00000, 0x0000000083bbfe50, 0x0000000083c00000| 74%| O|  |TAMS 0x0000000083b00000| PB 0x0000000083b00000| Untracked 
|  60|0x0000000083c00000, 0x0000000083c00000, 0x0000000083d00000|  0%| F|  |TAMS 0x0000000083c00000| PB 0x0000000083c00000| Untracked 
|  61|0x0000000083d00000, 0x0000000083d00000, 0x0000000083e00000|  0%| F|  |TAMS 0x0000000083d00000| PB 0x0000000083d00000| Untracked 
|  62|0x0000000083e00000, 0x0000000083e00000, 0x0000000083f00000|  0%| F|  |TAMS 0x0000000083e00000| PB 0x0000000083e00000| Untracked 
|  63|0x0000000083f00000, 0x0000000083f00000, 0x0000000084000000|  0%| F|  |TAMS 0x0000000083f00000| PB 0x0000000083f00000| Untracked 
|  64|0x0000000084000000, 0x0000000084000000, 0x0000000084100000|  0%| F|  |TAMS 0x0000000084000000| PB 0x0000000084000000| Untracked 
|  65|0x0000000084100000, 0x0000000084100000, 0x0000000084200000|  0%| F|  |TAMS 0x0000000084100000| PB 0x0000000084100000| Untracked 
|  66|0x0000000084200000, 0x0000000084200000, 0x0000000084300000|  0%| F|  |TAMS 0x0000000084200000| PB 0x0000000084200000| Untracked 
|  67|0x0000000084300000, 0x0000000084300000, 0x0000000084400000|  0%| F|  |TAMS 0x0000000084300000| PB 0x0000000084300000| Untracked 
|  68|0x0000000084400000, 0x0000000084400000, 0x0000000084500000|  0%| F|  |TAMS 0x0000000084400000| PB 0x0000000084400000| Untracked 
|  69|0x0000000084500000, 0x0000000084500000, 0x0000000084600000|  0%| F|  |TAMS 0x0000000084500000| PB 0x0000000084500000| Untracked 
|  70|0x0000000084600000, 0x0000000084600000, 0x0000000084700000|  0%| F|  |TAMS 0x0000000084600000| PB 0x0000000084600000| Untracked 
|  71|0x0000000084700000, 0x0000000084700000, 0x0000000084800000|  0%| F|  |TAMS 0x0000000084700000| PB 0x0000000084700000| Untracked 
|  72|0x0000000084800000, 0x0000000084800000, 0x0000000084900000|  0%| F|  |TAMS 0x0000000084800000| PB 0x0000000084800000| Untracked 
|  73|0x0000000084900000, 0x0000000084900000, 0x0000000084a00000|  0%| F|  |TAMS 0x0000000084900000| PB 0x0000000084900000| Untracked 
|  74|0x0000000084a00000, 0x0000000084a00000, 0x0000000084b00000|  0%| F|  |TAMS 0x0000000084a00000| PB 0x0000000084a00000| Untracked 
|  75|0x0000000084b00000, 0x0000000084b00000, 0x0000000084c00000|  0%| F|  |TAMS 0x0000000084b00000| PB 0x0000000084b00000| Untracked 
|  76|0x0000000084c00000, 0x0000000084c00000, 0x0000000084d00000|  0%| F|  |TAMS 0x0000000084c00000| PB 0x0000000084c00000| Untracked 
|  77|0x0000000084d00000, 0x0000000084d00000, 0x0000000084e00000|  0%| F|  |TAMS 0x0000000084d00000| PB 0x0000000084d00000| Untracked 
|  78|0x0000000084e00000, 0x0000000084e00000, 0x0000000084f00000|  0%| F|  |TAMS 0x0000000084e00000| PB 0x0000000084e00000| Untracked 
|  79|0x0000000084f00000, 0x0000000084f00000, 0x0000000085000000|  0%| F|  |TAMS 0x0000000084f00000| PB 0x0000000084f00000| Untracked 
|  80|0x0000000085000000, 0x0000000085000000, 0x0000000085100000|  0%| F|  |TAMS 0x0000000085000000| PB 0x0000000085000000| Untracked 
|  81|0x0000000085100000, 0x0000000085100000, 0x0000000085200000|  0%| F|  |TAMS 0x0000000085100000| PB 0x0000000085100000| Untracked 
|  82|0x0000000085200000, 0x0000000085200000, 0x0000000085300000|  0%| F|  |TAMS 0x0000000085200000| PB 0x0000000085200000| Untracked 
|  83|0x0000000085300000, 0x0000000085300000, 0x0000000085400000|  0%| F|  |TAMS 0x0000000085300000| PB 0x0000000085300000| Untracked 
|  84|0x0000000085400000, 0x0000000085400000, 0x0000000085500000|  0%| F|  |TAMS 0x0000000085400000| PB 0x0000000085400000| Untracked 
|  85|0x0000000085500000, 0x00000000855cd880, 0x0000000085600000| 80%| S|CS|TAMS 0x0000000085500000| PB 0x0000000085500000| Complete 
|  86|0x0000000085600000, 0x0000000085700000, 0x0000000085700000|100%| S|CS|TAMS 0x0000000085600000| PB 0x0000000085600000| Complete 
|  87|0x0000000085700000, 0x0000000085700000, 0x0000000085800000|  0%| F|  |TAMS 0x0000000085700000| PB 0x0000000085700000| Untracked 
|  88|0x0000000085800000, 0x0000000085800000, 0x0000000085900000|  0%| F|  |TAMS 0x0000000085800000| PB 0x0000000085800000| Untracked 
|  89|0x0000000085900000, 0x0000000085900000, 0x0000000085a00000|  0%| F|  |TAMS 0x0000000085900000| PB 0x0000000085900000| Untracked 
|  90|0x0000000085a00000, 0x0000000085a00000, 0x0000000085b00000|  0%| F|  |TAMS 0x0000000085a00000| PB 0x0000000085a00000| Untracked 
|  91|0x0000000085b00000, 0x0000000085b00000, 0x0000000085c00000|  0%| F|  |TAMS 0x0000000085b00000| PB 0x0000000085b00000| Untracked 
|  92|0x0000000085c00000, 0x0000000085c00000, 0x0000000085d00000|  0%| F|  |TAMS 0x0000000085c00000| PB 0x0000000085c00000| Untracked 
|  93|0x0000000085d00000, 0x0000000085d00000, 0x0000000085e00000|  0%| F|  |TAMS 0x0000000085d00000| PB 0x0000000085d00000| Untracked 
|  94|0x0000000085e00000, 0x0000000085e00000, 0x0000000085f00000|  0%| F|  |TAMS 0x0000000085e00000| PB 0x0000000085e00000| Untracked 
|  95|0x0000000085f00000, 0x0000000085f00000, 0x0000000086000000|  0%| F|  |TAMS 0x0000000085f00000| PB 0x0000000085f00000| Untracked 
|  96|0x0000000086000000, 0x0000000086000000, 0x0000000086100000|  0%| F|  |TAMS 0x0000000086000000| PB 0x0000000086000000| Untracked 
|  97|0x0000000086100000, 0x0000000086100000, 0x0000000086200000|  0%| F|  |TAMS 0x0000000086100000| PB 0x0000000086100000| Untracked 
|  98|0x0000000086200000, 0x0000000086250900, 0x0000000086300000| 31%| E|  |TAMS 0x0000000086200000| PB 0x0000000086200000| Complete 
|  99|0x0000000086300000, 0x0000000086400000, 0x0000000086400000|100%| E|CS|TAMS 0x0000000086300000| PB 0x0000000086300000| Complete 
| 100|0x0000000086400000, 0x0000000086500000, 0x0000000086500000|100%| E|CS|TAMS 0x0000000086400000| PB 0x0000000086400000| Complete 
| 101|0x0000000086500000, 0x0000000086600000, 0x0000000086600000|100%| E|CS|TAMS 0x0000000086500000| PB 0x0000000086500000| Complete 
| 102|0x0000000086600000, 0x0000000086700000, 0x0000000086700000|100%| E|CS|TAMS 0x0000000086600000| PB 0x0000000086600000| Complete 
| 123|0x0000000087b00000, 0x0000000087c00000, 0x0000000087c00000|100%| E|CS|TAMS 0x0000000087b00000| PB 0x0000000087b00000| Complete 
|2042|0x00000000ffa00000, 0x00000000ffb00000, 0x00000000ffb00000|100%| O|Cm|TAMS 0x00000000ffa00000| PB 0x00000000ffa00000| Complete 
|2043|0x00000000ffb00000, 0x00000000ffc00000, 0x00000000ffc00000|100%| O|  |TAMS 0x00000000ffb00000| PB 0x00000000ffb00000| Untracked 
|2044|0x00000000ffc00000, 0x00000000ffd00000, 0x00000000ffd00000|100%| O|  |TAMS 0x00000000ffc00000| PB 0x00000000ffc00000| Untracked 
|2045|0x00000000ffd00000, 0x00000000ffe00000, 0x00000000ffe00000|100%| O|  |TAMS 0x00000000ffd00000| PB 0x00000000ffd00000| Untracked 
|2046|0x00000000ffe00000, 0x00000000fff00000, 0x00000000fff00000|100%| O|  |TAMS 0x00000000ffe00000| PB 0x00000000ffe00000| Untracked 
|2047|0x00000000fff00000, 0x0000000100000000, 0x0000000100000000|100%| O|  |TAMS 0x00000000fff00000| PB 0x00000000fff00000| Untracked 

Card table byte_map: [0x0000013f18da0000,0x0000013f191a0000] _byte_map_base: 0x0000013f189a0000

Marking Bits: (CMBitMap*) 0x0000013f0658cd50
 Bits: [0x0000013f191a0000, 0x0000013f1b1a0000)

Polling page: 0x0000013f05cf0000

Metaspace:

Usage:
  Non-class:     56.86 MB used.
      Class:      8.86 MB used.
       Both:     65.72 MB used.

Virtual space:
  Non-class space:       64.00 MB reserved,      57.69 MB ( 90%) committed,  1 nodes.
      Class space:        1.00 GB reserved,       9.69 MB ( <1%) committed,  1 nodes.
             Both:        1.06 GB reserved,      67.38 MB (  6%) committed. 

Chunk freelists:
   Non-Class:  5.70 MB
       Class:  6.36 MB
        Both:  12.06 MB

MaxMetaspaceSize: unlimited
CompressedClassSpaceSize: 1.00 GB
Initial GC threshold: 21.00 MB
Current GC threshold: 108.25 MB
CDS: off
 - commit_granule_bytes: 65536.
 - commit_granule_words: 8192.
 - virtual_space_node_default_size: 8388608.
 - enlarge_chunks_in_place: 1.
 - use_allocation_guard: 0.


Internal statistics:

num_allocs_failed_limit: 6.
num_arena_births: 3102.
num_arena_deaths: 0.
num_vsnodes_births: 2.
num_vsnodes_deaths: 0.
num_space_committed: 1078.
num_space_uncommitted: 0.
num_chunks_returned_to_freelist: 6.
num_chunks_taken_from_freelist: 5849.
num_chunk_merges: 6.
num_chunk_splits: 3773.
num_chunks_enlarged: 2297.
num_inconsistent_stats: 0.

CodeHeap 'non-profiled nmethods': size=120000Kb used=3358Kb max_used=3573Kb free=116641Kb
 bounds [0x0000013f11140000, 0x0000013f114c0000, 0x0000013f18670000]
CodeHeap 'profiled nmethods': size=120000Kb used=11476Kb max_used=12123Kb free=108524Kb
 bounds [0x0000013f09670000, 0x0000013f0a250000, 0x0000013f10ba0000]
CodeHeap 'non-nmethods': size=5760Kb used=2169Kb max_used=2217Kb free=3590Kb
 bounds [0x0000013f10ba0000, 0x0000013f10e10000, 0x0000013f11140000]
 total_blobs=7168 nmethods=6427 adapters=644
 compilation: enabled
              stopped_count=0, restarted_count=0
 full_count=0

Compilation events (20 events):
Event: 12.278 Thread 0x0000013f220e3e90 7520       3       org.objectweb.asm.SymbolTable::addMergedType (164 bytes)
Event: 12.279 Thread 0x0000013f220e3e90 nmethod 7520 0x0000013f09c51910 code [0x0000013f09c51b20, 0x0000013f09c52128]
Event: 12.288 Thread 0x0000013f2209c270 nmethod 7497 0x0000013f112f8810 code [0x0000013f112f8d00, 0x0000013f112fd338]
Event: 12.288 Thread 0x0000013f2209c270 7512   !   4       java.net.URLClassLoader$1::run (81 bytes)
Event: 12.290 Thread 0x0000013f26783de0 nmethod 7496 0x0000013f11319410 code [0x0000013f11319720, 0x0000013f1131b530]
Event: 12.292 Thread 0x0000013f26783de0 7517       4       org.gradle.internal.service.DefaultServiceRegistry::access$900 (5 bytes)
Event: 12.294 Thread 0x0000013f26783de0 nmethod 7517 0x0000013f112ec310 code [0x0000013f112ec4a0, 0x0000013f112ec5a0]
Event: 12.294 Thread 0x0000013f26783de0 7519       4       org.objectweb.asm.SymbolTable::addConstantMethodref (24 bytes)
Event: 12.295 Thread 0x0000013f26783de0 nmethod 7519 0x0000013f1123b310 code [0x0000013f1123b4a0, 0x0000013f1123b570]
Event: 12.338 Thread 0x0000013f26783de0 7521       4       java.lang.ClassLoader::getDefinedPackage (36 bytes)
Event: 12.355 Thread 0x0000013f26783de0 nmethod 7521 0x0000013f11229510 code [0x0000013f11229760, 0x0000013f11229fd8]
Event: 12.369 Thread 0x0000013f26783de0 7522   !   4       java.net.URLClassLoader::defineClass (224 bytes)
Event: 12.488 Thread 0x0000013f220e3e90 7526       3       java.util.Collections$SingletonSet::contains (9 bytes)
Event: 12.489 Thread 0x0000013f220e3e90 nmethod 7526 0x0000013f09af5290 code [0x0000013f09af5440, 0x0000013f09af5718]
Event: 12.498 Thread 0x0000013f220e3e90 7527       3       java.util.Spliterators::emptySpliterator (4 bytes)
Event: 12.498 Thread 0x0000013f220e3e90 nmethod 7527 0x0000013f09bf3c10 code [0x0000013f09bf3da0, 0x0000013f09bf3e98]
Event: 12.498 Thread 0x0000013f220e3e90 7528       3       java.util.Spliterators$EmptySpliterator$OfRef::forEachRemaining (6 bytes)
Event: 12.498 Thread 0x0000013f220e3e90 nmethod 7528 0x0000013f09c05890 code [0x0000013f09c05a40, 0x0000013f09c05cf8]
Event: 12.498 Thread 0x0000013f220e3e90 7529       3       java.util.Spliterators$EmptySpliterator::forEachRemaining (6 bytes)
Event: 12.499 Thread 0x0000013f220e3e90 nmethod 7529 0x0000013f096b0a90 code [0x0000013f096b0c40, 0x0000013f096b0ea0]

GC Heap History (20 events):
Event: 8.190 GC heap before
{Heap before GC invocations=11 (full 0):
 garbage-first heap   total 68608K, used 58698K [0x0000000080000000, 0x0000000100000000)
  region size 1024K, 28 young (28672K), 3 survivors (3072K)
 Metaspace       used 49698K, committed 51072K, reserved 1114112K
  class space    used 6751K, committed 7424K, reserved 1048576K
}
Event: 8.194 GC heap after
{Heap after GC invocations=12 (full 0):
 garbage-first heap   total 68608K, used 34934K [0x0000000080000000, 0x0000000100000000)
  region size 1024K, 2 young (2048K), 2 survivors (2048K)
 Metaspace       used 49698K, committed 51072K, reserved 1114112K
  class space    used 6751K, committed 7424K, reserved 1048576K
}
Event: 8.711 GC heap before
{Heap before GC invocations=12 (full 0):
 garbage-first heap   total 68608K, used 58486K [0x0000000080000000, 0x0000000100000000)
  region size 1024K, 26 young (26624K), 2 survivors (2048K)
 Metaspace       used 53441K, committed 54848K, reserved 1114112K
  class space    used 7304K, committed 8000K, reserved 1048576K
}
Event: 8.715 GC heap after
{Heap after GC invocations=13 (full 0):
 garbage-first heap   total 68608K, used 36422K [0x0000000080000000, 0x0000000100000000)
  region size 1024K, 4 young (4096K), 4 survivors (4096K)
 Metaspace       used 53441K, committed 54848K, reserved 1114112K
  class space    used 7304K, committed 8000K, reserved 1048576K
}
Event: 9.289 GC heap before
{Heap before GC invocations=14 (full 0):
 garbage-first heap   total 68608K, used 59974K [0x0000000080000000, 0x0000000100000000)
  region size 1024K, 26 young (26624K), 4 survivors (4096K)
 Metaspace       used 56800K, committed 58304K, reserved 1114112K
  class space    used 7764K, committed 8512K, reserved 1048576K
}
Event: 9.295 GC heap after
{Heap after GC invocations=15 (full 0):
 garbage-first heap   total 68608K, used 37345K [0x0000000080000000, 0x0000000100000000)
  region size 1024K, 3 young (3072K), 3 survivors (3072K)
 Metaspace       used 56800K, committed 58304K, reserved 1114112K
  class space    used 7764K, committed 8512K, reserved 1048576K
}
Event: 10.019 GC heap before
{Heap before GC invocations=15 (full 0):
 garbage-first heap   total 68608K, used 59873K [0x0000000080000000, 0x0000000100000000)
  region size 1024K, 26 young (26624K), 3 survivors (3072K)
 Metaspace       used 59401K, committed 60992K, reserved 1114112K
  class space    used 8133K, committed 8896K, reserved 1048576K
}
Event: 10.026 GC heap after
{Heap after GC invocations=16 (full 0):
 garbage-first heap   total 82944K, used 38914K [0x0000000080000000, 0x0000000100000000)
  region size 1024K, 4 young (4096K), 4 survivors (4096K)
 Metaspace       used 59401K, committed 60992K, reserved 1114112K
  class space    used 8133K, committed 8896K, reserved 1048576K
}
Event: 10.696 GC heap before
{Heap before GC invocations=16 (full 0):
 garbage-first heap   total 82944K, used 71682K [0x0000000080000000, 0x0000000100000000)
  region size 1024K, 37 young (37888K), 4 survivors (4096K)
 Metaspace       used 60394K, committed 61952K, reserved 1114112K
  class space    used 8238K, committed 9024K, reserved 1048576K
}
Event: 10.705 GC heap after
{Heap after GC invocations=17 (full 0):
 garbage-first heap   total 82944K, used 44084K [0x0000000080000000, 0x0000000100000000)
  region size 1024K, 5 young (5120K), 5 survivors (5120K)
 Metaspace       used 60394K, committed 61952K, reserved 1114112K
  class space    used 8238K, committed 9024K, reserved 1048576K
}
Event: 10.936 GC heap before
{Heap before GC invocations=17 (full 0):
 garbage-first heap   total 82944K, used 60468K [0x0000000080000000, 0x0000000100000000)
  region size 1024K, 22 young (22528K), 5 survivors (5120K)
 Metaspace       used 60753K, committed 62272K, reserved 1114112K
  class space    used 8275K, committed 9024K, reserved 1048576K
}
Event: 10.943 GC heap after
{Heap after GC invocations=18 (full 0):
 garbage-first heap   total 82944K, used 46258K [0x0000000080000000, 0x0000000100000000)
  region size 1024K, 4 young (4096K), 4 survivors (4096K)
 Metaspace       used 60753K, committed 62272K, reserved 1114112K
  class space    used 8275K, committed 9024K, reserved 1048576K
}
Event: 11.556 GC heap before
{Heap before GC invocations=19 (full 0):
 garbage-first heap   total 82944K, used 81074K [0x0000000080000000, 0x0000000100000000)
  region size 1024K, 26 young (26624K), 4 survivors (4096K)
 Metaspace       used 61881K, committed 63424K, reserved 1114112K
  class space    used 8464K, committed 9216K, reserved 1048576K
}
Event: 11.562 GC heap after
{Heap after GC invocations=20 (full 0):
 garbage-first heap   total 93184K, used 65536K [0x0000000080000000, 0x0000000100000000)
  region size 1024K, 4 young (4096K), 4 survivors (4096K)
 Metaspace       used 61881K, committed 63424K, reserved 1114112K
  class space    used 8464K, committed 9216K, reserved 1048576K
}
Event: 11.812 GC heap before
{Heap before GC invocations=20 (full 0):
 garbage-first heap   total 93184K, used 82944K [0x0000000080000000, 0x0000000100000000)
  region size 1024K, 21 young (21504K), 4 survivors (4096K)
 Metaspace       used 63185K, committed 64832K, reserved 1114112K
  class space    used 8610K, committed 9472K, reserved 1048576K
}
Event: 11.815 GC heap after
{Heap after GC invocations=21 (full 0):
 garbage-first heap   total 93184K, used 66665K [0x0000000080000000, 0x0000000100000000)
  region size 1024K, 2 young (2048K), 2 survivors (2048K)
 Metaspace       used 63185K, committed 64832K, reserved 1114112K
  class space    used 8610K, committed 9472K, reserved 1048576K
}
Event: 12.044 GC heap before
{Heap before GC invocations=21 (full 0):
 garbage-first heap   total 93184K, used 84073K [0x0000000080000000, 0x0000000100000000)
  region size 1024K, 19 young (19456K), 2 survivors (2048K)
 Metaspace       used 64741K, committed 66432K, reserved 1114112K
  class space    used 8820K, committed 9664K, reserved 1048576K
}
Event: 12.047 GC heap after
{Heap after GC invocations=22 (full 0):
 garbage-first heap   total 93184K, used 66677K [0x0000000080000000, 0x0000000100000000)
  region size 1024K, 2 young (2048K), 2 survivors (2048K)
 Metaspace       used 64741K, committed 66432K, reserved 1114112K
  class space    used 8820K, committed 9664K, reserved 1048576K
}
Event: 12.441 GC heap before
{Heap before GC invocations=23 (full 0):
 garbage-first heap   total 112640K, used 83061K [0x0000000080000000, 0x0000000100000000)
  region size 1024K, 19 young (19456K), 2 survivors (2048K)
 Metaspace       used 66526K, committed 68224K, reserved 1114112K
  class space    used 8985K, committed 9856K, reserved 1048576K
}
Event: 12.444 GC heap after
{Heap after GC invocations=24 (full 0):
 garbage-first heap   total 112640K, used 67125K [0x0000000080000000, 0x0000000100000000)
  region size 1024K, 2 young (2048K), 2 survivors (2048K)
 Metaspace       used 66526K, committed 68224K, reserved 1114112K
  class space    used 8985K, committed 9856K, reserved 1048576K
}

Dll operation events (3 events):
Event: 0.011 Loaded shared library C:\Program Files\Android\Android Studio\jbr\bin\java.dll
Event: 0.016 Loaded shared library C:\Program Files\Android\Android Studio\jbr\bin\zip.dll
Event: 0.604 Loaded shared library C:\Program Files\Android\Android Studio\jbr\bin\verify.dll

Deoptimization events (20 events):
Event: 12.180 Thread 0x0000013f23d68720 DEOPT PACKING pc=0x0000013f1143c744 sp=0x0000003c9aef6490
Event: 12.180 Thread 0x0000013f23d68720 DEOPT UNPACKING pc=0x0000013f10bf7da2 sp=0x0000003c9aef6350 mode 2
Event: 12.180 Thread 0x0000013f23d68720 Uncommon trap: trap_request=0xffffffde fr.pc=0x0000013f1143c744 relative=0x00000000000003c4
Event: 12.180 Thread 0x0000013f23d68720 Uncommon trap: reason=class_check action=maybe_recompile pc=0x0000013f1143c744 method=java.util.stream.AbstractPipeline.copyIntoWithCancel(Ljava/util/stream/Sink;Ljava/util/Spliterator;)Z @ 32 c2
Event: 12.180 Thread 0x0000013f23d68720 DEOPT PACKING pc=0x0000013f1143c744 sp=0x0000003c9aef6490
Event: 12.180 Thread 0x0000013f23d68720 DEOPT UNPACKING pc=0x0000013f10bf7da2 sp=0x0000003c9aef6350 mode 2
Event: 12.207 Thread 0x0000013f23d68720 Uncommon trap: trap_request=0xffffff45 fr.pc=0x0000013f113f5bd0 relative=0x00000000000004b0
Event: 12.207 Thread 0x0000013f23d68720 Uncommon trap: reason=unstable_if action=reinterpret pc=0x0000013f113f5bd0 method=org.gradle.internal.service.DefaultServiceRegistry$OwnServices.getService(Ljava/lang/reflect/Type;)Lorg/gradle/internal/service/Service; @ 27 c2
Event: 12.207 Thread 0x0000013f23d68720 DEOPT PACKING pc=0x0000013f113f5bd0 sp=0x0000003c9aef76f0
Event: 12.207 Thread 0x0000013f23d68720 DEOPT UNPACKING pc=0x0000013f10bf7da2 sp=0x0000003c9aef7668 mode 2
Event: 12.318 Thread 0x0000013f23d68720 Uncommon trap: trap_request=0xffffff45 fr.pc=0x0000013f112430d4 relative=0x0000000000000134
Event: 12.318 Thread 0x0000013f23d68720 Uncommon trap: reason=unstable_if action=reinterpret pc=0x0000013f112430d4 method=org.objectweb.asm.ByteVector.putInt(I)Lorg/objectweb/asm/ByteVector; @ 13 c2
Event: 12.318 Thread 0x0000013f23d68720 DEOPT PACKING pc=0x0000013f112430d4 sp=0x0000003c9aef6ca0
Event: 12.318 Thread 0x0000013f23d68720 DEOPT UNPACKING pc=0x0000013f10bf7da2 sp=0x0000003c9aef6c28 mode 2
Event: 12.410 Thread 0x0000013f23d68720 DEOPT PACKING pc=0x0000013f09704200 sp=0x0000003c9aef2bf0
Event: 12.411 Thread 0x0000013f23d68720 DEOPT UNPACKING pc=0x0000013f10bf88e2 sp=0x0000003c9aef2090 mode 0
Event: 12.415 Thread 0x0000013f23d68720 Uncommon trap: trap_request=0xffffffd6 fr.pc=0x0000013f112bf34c relative=0x00000000000003ac
Event: 12.415 Thread 0x0000013f23d68720 Uncommon trap: reason=array_check action=maybe_recompile pc=0x0000013f112bf34c method=java.util.LinkedHashMap.keysToArray([Ljava/lang/Object;Z)[Ljava/lang/Object; @ 67 c2
Event: 12.415 Thread 0x0000013f23d68720 DEOPT PACKING pc=0x0000013f112bf34c sp=0x0000003c9aef5290
Event: 12.415 Thread 0x0000013f23d68720 DEOPT UNPACKING pc=0x0000013f10bf7da2 sp=0x0000003c9aef5230 mode 2

Classes loaded (20 events):
Event: 11.805 Loading class java/lang/invoke/BoundMethodHandle$Species_LLLJ
Event: 11.805 Loading class java/lang/invoke/BoundMethodHandle$Species_LLLJ done
Event: 11.950 Loading class java/io/StringReader
Event: 11.950 Loading class java/io/StringReader done
Event: 11.986 Loading class java/util/concurrent/atomic/AtomicIntegerArray
Event: 11.986 Loading class java/util/concurrent/atomic/AtomicIntegerArray done
Event: 11.988 Loading class java/util/Currency
Event: 11.989 Loading class java/util/Currency done
Event: 12.011 Loading class java/util/concurrent/atomic/AtomicLongArray
Event: 12.011 Loading class java/util/concurrent/atomic/AtomicLongArray done
Event: 12.179 Loading class sun/text/resources/cldr/FormatData_en_US
Event: 12.179 Loading class sun/text/resources/cldr/FormatData_en_US done
Event: 12.488 Loading class java/util/stream/ReduceOps$2
Event: 12.488 Loading class java/util/stream/ReduceOps$2 done
Event: 12.488 Loading class java/util/stream/ReduceOps$2ReducingSink
Event: 12.488 Loading class java/util/stream/ReduceOps$2ReducingSink done
Event: 12.488 Loading class java/lang/management/ClassLoadingMXBean
Event: 12.488 Loading class java/lang/management/ClassLoadingMXBean done
Event: 12.488 Loading class sun/management/ClassLoadingImpl
Event: 12.489 Loading class sun/management/ClassLoadingImpl done

Classes unloaded (0 events):
No events

Classes redefined (0 events):
No events

Internal exceptions (20 events):
Event: 10.823 Thread 0x0000013f23d68720 Exception <a 'java/lang/NoSuchMethodError'{0x0000000084551bf8}: 'void java.lang.invoke.DirectMethodHandle$Holder.invokeInterface(java.lang.Object, java.lang.Object, java.lang.Object, java.lang.Object)'> (0x0000000084551bf8) 
thrown [s\src\hotspot\share\interpreter\linkResolver.cpp, line 784]
Event: 10.826 Thread 0x0000013f23d68720 Exception <a 'java/lang/NoSuchMethodError'{0x0000000084569ad8}: 'long java.lang.invoke.DirectMethodHandle$Holder.invokeVirtual(java.lang.Object, java.lang.Object)'> (0x0000000084569ad8) 
thrown [s\src\hotspot\share\interpreter\linkResolver.cpp, line 784]
Event: 10.832 Thread 0x0000013f23d67370 Exception <a 'java/lang/NoSuchMethodError'{0x00000000845fcd70}: static Lorg/gradle/internal/build/event/types/DefaultOperationFinishedProgressEvent;.<clinit>()V> (0x00000000845fcd70) 
thrown [s\src\hotspot\share\prims\jni.cpp, line 1135]
Event: 10.835 Thread 0x0000013f23d67370 Exception <a 'java/lang/NoSuchMethodError'{0x0000000084427558}: static Lorg/gradle/internal/build/event/types/DefaultProjectConfigurationSuccessResult;.<clinit>()V> (0x0000000084427558) 
thrown [s\src\hotspot\share\prims\jni.cpp, line 1135]
Event: 10.835 Thread 0x0000013f23d67370 Exception <a 'java/lang/NoSuchMethodError'{0x0000000084428858}: static Lorg/gradle/internal/build/event/types/AbstractProjectConfigurationResult;.<clinit>()V> (0x0000000084428858) 
thrown [s\src\hotspot\share\prims\jni.cpp, line 1135]
Event: 10.835 Thread 0x0000013f23d67370 Exception <a 'java/lang/NoSuchMethodError'{0x000000008442a058}: static Lorg/gradle/internal/build/event/types/AbstractOperationResult;.<clinit>()V> (0x000000008442a058) 
thrown [s\src\hotspot\share\prims\jni.cpp, line 1135]
Event: 10.836 Thread 0x0000013f23d67370 Exception <a 'java/lang/NoSuchMethodError'{0x000000008442b488}: static Lorg/gradle/internal/build/event/types/AbstractResult;.<clinit>()V> (0x000000008442b488) 
thrown [s\src\hotspot\share\prims\jni.cpp, line 1135]
Event: 10.838 Thread 0x0000013f23d67370 Exception <a 'java/lang/NoSuchMethodError'{0x0000000084444418}: static Lorg/gradle/internal/build/event/types/DefaultPluginApplicationResult;.<clinit>()V> (0x0000000084444418) 
thrown [s\src\hotspot\share\prims\jni.cpp, line 1135]
Event: 10.839 Thread 0x0000013f23d67370 Exception <a 'java/lang/NoSuchMethodError'{0x0000000084450dc0}: static Lorg/gradle/internal/build/event/types/DefaultBinaryPluginIdentifier;.<clinit>()V> (0x0000000084450dc0) 
thrown [s\src\hotspot\share\prims\jni.cpp, line 1135]
Event: 10.842 Thread 0x0000013f23d67370 Exception <a 'java/lang/NoSuchMethodError'{0x000000008446ab48}: static Lorg/gradle/internal/build/event/types/DefaultScriptPluginIdentifier;.<clinit>()V> (0x000000008446ab48) 
thrown [s\src\hotspot\share\prims\jni.cpp, line 1135]
Event: 10.914 Thread 0x0000013f23d68720 Implicit null exception at 0x0000013f114196dd to 0x0000013f11419bbc
Event: 10.914 Thread 0x0000013f23d68720 Implicit null exception at 0x0000013f1142513f to 0x0000013f114255f4
Event: 11.309 Thread 0x0000013f23d68720 Exception <a 'java/lang/NoSuchMethodError'{0x0000000084695db8}: 'void java.lang.invoke.Invokers$Holder.invoke_MT(java.lang.Object, java.lang.Object, java.lang.Object, java.lang.Object)'> (0x0000000084695db8) 
thrown [s\src\hotspot\share\interpreter\linkResolver.cpp, line 784]
Event: 11.320 Thread 0x0000013f23d68720 Exception <a 'java/lang/NoSuchMethodError'{0x000000008442e648}: 'java.lang.Object java.lang.invoke.DirectMethodHandle$Holder.invokeSpecial(java.lang.Object, java.lang.Object, java.lang.Object, int, java.lang.Object, java.lang.Object)'> (0x000000008442e648) 
thrown [s\src\hotspot\share\interpreter\linkResolver.cpp, line 784]
Event: 11.361 Thread 0x0000013f23d68720 Exception <a 'java/lang/ClassNotFoundException'{0x0000000084231ba8}: sun/misc/SharedSecrets> (0x0000000084231ba8) 
thrown [s\src\hotspot\share\classfile\systemDictionary.cpp, line 312]
Event: 11.361 Thread 0x0000013f23d68720 Exception <a 'java/lang/ClassNotFoundException'{0x00000000842331c0}: org/gradle/api/internal/plugins/DefaultObjectConfigurationActionBeanInfo> (0x00000000842331c0) 
thrown [s\src\hotspot\share\classfile\systemDictionary.cpp, line 312]
Event: 11.364 Thread 0x0000013f23d68720 Exception <a 'java/lang/ClassNotFoundException'{0x0000000084247598}: org/gradle/api/internal/plugins/DefaultObjectConfigurationActionCustomizer> (0x0000000084247598) 
thrown [s\src\hotspot\share\classfile\systemDictionary.cpp, line 312]
Event: 11.367 Thread 0x0000013f23d68720 Implicit null exception at 0x0000013f112a2a65 to 0x0000013f112a2cf0
Event: 11.368 Thread 0x0000013f23d68720 Exception <a 'java/lang/NoSuchMethodError'{0x0000000084254b98}: 'int java.lang.invoke.DirectMethodHandle$Holder.invokeSpecial(java.lang.Object, java.lang.Object, java.lang.Object, int)'> (0x0000000084254b98) 
thrown [s\src\hotspot\share\interpreter\linkResolver.cpp, line 784]
Event: 11.370 Thread 0x0000013f23d68720 Exception <a 'java/lang/NoSuchMethodError'{0x0000000084265b68}: 'java.lang.Object java.lang.invoke.DirectMethodHandle$Holder.invokeStatic(java.lang.Object, java.lang.Object, java.lang.Object, java.lang.Object, int)'> (0x0000000084265b68) 
thrown [s\src\hotspot\share\interpreter\linkResolver.cpp, line 784]

ZGC Phase Switch (0 events):
No events

VM Operations (20 events):
Event: 10.936 Executing VM operation: G1TryInitiateConcMark (G1 Humongous Allocation)
Event: 10.943 Executing VM operation: G1TryInitiateConcMark (G1 Humongous Allocation) done
Event: 10.998 Executing VM operation: G1PauseRemark
Event: 11.002 Executing VM operation: G1PauseRemark done
Event: 11.034 Executing VM operation: G1PauseCleanup
Event: 11.034 Executing VM operation: G1PauseCleanup done
Event: 11.537 Executing VM operation: ICBufferFull
Event: 11.537 Executing VM operation: ICBufferFull done
Event: 11.556 Executing VM operation: G1CollectForAllocation (G1 Evacuation Pause)
Event: 11.562 Executing VM operation: G1CollectForAllocation (G1 Evacuation Pause) done
Event: 11.812 Executing VM operation: G1CollectForAllocation (G1 Evacuation Pause)
Event: 11.815 Executing VM operation: G1CollectForAllocation (G1 Evacuation Pause) done
Event: 12.044 Executing VM operation: G1CollectForAllocation (G1 Evacuation Pause)
Event: 12.047 Executing VM operation: G1CollectForAllocation (G1 Evacuation Pause) done
Event: 12.092 Executing VM operation: G1PauseRemark
Event: 12.107 Executing VM operation: G1PauseRemark done
Event: 12.133 Executing VM operation: G1PauseCleanup
Event: 12.133 Executing VM operation: G1PauseCleanup done
Event: 12.441 Executing VM operation: G1CollectForAllocation (G1 Evacuation Pause)
Event: 12.445 Executing VM operation: G1CollectForAllocation (G1 Evacuation Pause) done

Memory protections (0 events):
No events

Nmethod flushes (20 events):
Event: 12.106 Thread 0x0000013f2201d480 flushing  nmethod 0x0000013f098b4610
Event: 12.106 Thread 0x0000013f2201d480 flushing  nmethod 0x0000013f09922410
Event: 12.106 Thread 0x0000013f2201d480 flushing  nmethod 0x0000013f09922a10
Event: 12.106 Thread 0x0000013f2201d480 flushing  nmethod 0x0000013f09929b90
Event: 12.106 Thread 0x0000013f2201d480 flushing  nmethod 0x0000013f099a2390
Event: 12.106 Thread 0x0000013f2201d480 flushing  nmethod 0x0000013f099a3210
Event: 12.106 Thread 0x0000013f2201d480 flushing  nmethod 0x0000013f09a01990
Event: 12.106 Thread 0x0000013f2201d480 flushing  nmethod 0x0000013f09a85110
Event: 12.106 Thread 0x0000013f2201d480 flushing  nmethod 0x0000013f09abf290
Event: 12.106 Thread 0x0000013f2201d480 flushing  nmethod 0x0000013f09bf5c90
Event: 12.106 Thread 0x0000013f2201d480 flushing  nmethod 0x0000013f09bfa110
Event: 12.106 Thread 0x0000013f2201d480 flushing  nmethod 0x0000013f09c00790
Event: 12.106 Thread 0x0000013f2201d480 flushing  nmethod 0x0000013f09c01690
Event: 12.106 Thread 0x0000013f2201d480 flushing  nmethod 0x0000013f09c6a810
Event: 12.106 Thread 0x0000013f2201d480 flushing  nmethod 0x0000013f09d2e710
Event: 12.106 Thread 0x0000013f2201d480 flushing  nmethod 0x0000013f09df9b90
Event: 12.106 Thread 0x0000013f2201d480 flushing  nmethod 0x0000013f09ed2310
Event: 12.106 Thread 0x0000013f2201d480 flushing  nmethod 0x0000013f09ed2e90
Event: 12.106 Thread 0x0000013f2201d480 flushing  nmethod 0x0000013f09ed4190
Event: 12.106 Thread 0x0000013f2201d480 flushing  nmethod 0x0000013f0a008510

Events (20 events):
Event: 10.513 Thread 0x0000013f23d68720 Thread added: 0x0000013f255cbed0
Event: 10.517 Thread 0x0000013f23d68720 Thread added: 0x0000013f255ca490
Event: 10.522 Thread 0x0000013f23d68720 Thread added: 0x0000013f255c76a0
Event: 11.276 Thread 0x0000013f23d68720 Thread added: 0x0000013f255cab20
Event: 11.277 Thread 0x0000013f23d68720 Thread added: 0x0000013f255c7010
Event: 11.277 Thread 0x0000013f23d68720 Thread added: 0x0000013f255c7d30
Event: 11.277 Thread 0x0000013f23d68720 Thread added: 0x0000013f255cb1b0
Event: 11.277 Thread 0x0000013f23d68720 Thread added: 0x0000013f255cc560
Event: 11.277 Thread 0x0000013f23d68720 Thread added: 0x0000013f255ccbf0
Event: 11.278 Thread 0x0000013f23d68720 Thread added: 0x0000013f255cd280
Event: 11.284 Thread 0x0000013f23d68720 Thread added: 0x0000013f255cd910
Event: 11.286 Thread 0x0000013f23d68720 Thread added: 0x0000013f255cdfa0
Event: 11.287 Thread 0x0000013f23d68720 Thread added: 0x0000013f22987110
Event: 11.289 Thread 0x0000013f23d68720 Thread added: 0x0000013f22987e30
Event: 11.290 Thread 0x0000013f23d68720 Thread added: 0x0000013f2298ccf0
Event: 11.292 Thread 0x0000013f23d68720 Thread added: 0x0000013f229884c0
Event: 11.294 Thread 0x0000013f23d68720 Thread added: 0x0000013f2298a590
Event: 11.663 Thread 0x0000013f2252bc50 Thread exited: 0x0000013f2252bc50
Event: 12.147 Thread 0x0000013f220e3e90 Thread added: 0x0000013f26783de0
Event: 12.267 Thread 0x0000013f23d68720 Thread added: 0x0000013f2298bfd0


Dynamic libraries:
0x00007ff625f10000 - 0x00007ff625f1a000 	C:\Program Files\Android\Android Studio\jbr\bin\java.exe
0x00007ff989750000 - 0x00007ff989967000 	C:\Windows\SYSTEM32\ntdll.dll
0x00007ff988710000 - 0x00007ff9887d4000 	C:\Windows\System32\KERNEL32.DLL
0x00007ff986f40000 - 0x00007ff9872e6000 	C:\Windows\System32\KERNELBASE.dll
0x00007ff983a20000 - 0x00007ff983ab7000 	C:\Windows\SYSTEM32\apphelp.dll
0x00007ff986b90000 - 0x00007ff986ca1000 	C:\Windows\System32\ucrtbase.dll
0x00007ff960340000 - 0x00007ff960358000 	C:\Program Files\Android\Android Studio\jbr\bin\jli.dll
0x00007ff956490000 - 0x00007ff9564ab000 	C:\Program Files\Android\Android Studio\jbr\bin\VCRUNTIME140.dll
0x00007ff988100000 - 0x00007ff9882ae000 	C:\Windows\System32\USER32.dll
0x00007ff986b60000 - 0x00007ff986b86000 	C:\Windows\System32\win32u.dll
0x00007ff987520000 - 0x00007ff987549000 	C:\Windows\System32\GDI32.dll
0x00007ff986e20000 - 0x00007ff986f38000 	C:\Windows\System32\gdi32full.dll
0x00007ff986ac0000 - 0x00007ff986b5a000 	C:\Windows\System32\msvcp_win.dll
0x00007ff971c10000 - 0x00007ff971ea3000 	C:\Windows\WinSxS\amd64_microsoft.windows.common-controls_6595b64144ccf1df_6.0.22621.2506_none_270c5ae97388e100\COMCTL32.dll
0x00007ff988d50000 - 0x00007ff988df7000 	C:\Windows\System32\msvcrt.dll
0x00007ff988000000 - 0x00007ff988031000 	C:\Windows\System32\IMM32.DLL
0x00007ff960590000 - 0x00007ff96059c000 	C:\Program Files\Android\Android Studio\jbr\bin\vcruntime140_1.dll
0x00007ff947b20000 - 0x00007ff947bad000 	C:\Program Files\Android\Android Studio\jbr\bin\msvcp140.dll
0x00007ff910f30000 - 0x00007ff911bb3000 	C:\Program Files\Android\Android Studio\jbr\bin\server\jvm.dll
0x00007ff988040000 - 0x00007ff9880f1000 	C:\Windows\System32\ADVAPI32.dll
0x00007ff988f00000 - 0x00007ff988fa5000 	C:\Windows\System32\sechost.dll
0x00007ff987ee0000 - 0x00007ff987ff7000 	C:\Windows\System32\RPCRT4.dll
0x00007ff987e60000 - 0x00007ff987ed1000 	C:\Windows\System32\WS2_32.dll
0x00007ff97cf70000 - 0x00007ff97cfa4000 	C:\Windows\SYSTEM32\WINMM.dll
0x00007ff986990000 - 0x00007ff9869dd000 	C:\Windows\SYSTEM32\POWRPROF.dll
0x00007ff97b780000 - 0x00007ff97b78a000 	C:\Windows\SYSTEM32\VERSION.dll
0x00007ff986970000 - 0x00007ff986983000 	C:\Windows\SYSTEM32\UMPDC.dll
0x00007ff985aa0000 - 0x00007ff985ab8000 	C:\Windows\SYSTEM32\kernel.appcore.dll
0x00007ff960490000 - 0x00007ff96049a000 	C:\Program Files\Android\Android Studio\jbr\bin\jimage.dll
0x00007ff984370000 - 0x00007ff9845a3000 	C:\Windows\SYSTEM32\DBGHELP.DLL
0x00007ff989230000 - 0x00007ff9895b9000 	C:\Windows\System32\combase.dll
0x00007ff9887f0000 - 0x00007ff9888c7000 	C:\Windows\System32\OLEAUT32.dll
0x00007ff972a40000 - 0x00007ff972a72000 	C:\Windows\SYSTEM32\dbgcore.DLL
0x00007ff987420000 - 0x00007ff98749a000 	C:\Windows\System32\bcryptPrimitives.dll
0x00007ff9832f0000 - 0x00007ff9832fe000 	C:\Program Files\Android\Android Studio\jbr\bin\instrument.dll
0x00007ff934fb0000 - 0x00007ff934fd0000 	C:\Program Files\Android\Android Studio\jbr\bin\java.dll
0x00007ff921c70000 - 0x00007ff921c88000 	C:\Program Files\Android\Android Studio\jbr\bin\zip.dll
0x00007ff987550000 - 0x00007ff987daa000 	C:\Windows\System32\SHELL32.dll
0x00007ff9849c0000 - 0x00007ff9852b6000 	C:\Windows\SYSTEM32\windows.storage.dll
0x00007ff984880000 - 0x00007ff9849be000 	C:\Windows\SYSTEM32\wintypes.dll
0x00007ff988340000 - 0x00007ff988433000 	C:\Windows\System32\SHCORE.dll
0x00007ff9882c0000 - 0x00007ff98831e000 	C:\Windows\System32\shlwapi.dll
0x00007ff9869f0000 - 0x00007ff986a16000 	C:\Windows\SYSTEM32\profapi.dll
0x00007ff95f480000 - 0x00007ff95f490000 	C:\Program Files\Android\Android Studio\jbr\bin\net.dll
0x00007ff97f650000 - 0x00007ff97f787000 	C:\Windows\SYSTEM32\WINHTTP.dll
0x00007ff985f40000 - 0x00007ff985fa9000 	C:\Windows\system32\mswsock.dll
0x00007ff920450000 - 0x00007ff920466000 	C:\Program Files\Android\Android Studio\jbr\bin\nio.dll
0x00007ff94c650000 - 0x00007ff94c660000 	C:\Program Files\Android\Android Studio\jbr\bin\verify.dll
0x00007ff97a880000 - 0x00007ff97a8a7000 	C:\Users\asus\.gradle\native\c067742578af261105cb4f569cf0c3c89f3d7b1fecec35dd04571415982c5e48\windows-amd64\native-platform.dll
0x00007ff933e00000 - 0x00007ff933f44000 	C:\Users\asus\.gradle\native\38dada09dfb8b06ba9b0570ebf7e218e3eb74d4ef43ca46872605cf95ebc2f47\windows-amd64\native-platform-file-events.dll
0x00007ff955c00000 - 0x00007ff955c09000 	C:\Program Files\Android\Android Studio\jbr\bin\management.dll
0x00007ff9541a0000 - 0x00007ff9541ab000 	C:\Program Files\Android\Android Studio\jbr\bin\management_ext.dll
0x00007ff9886e0000 - 0x00007ff9886e8000 	C:\Windows\System32\PSAPI.DLL
0x00007ff9861a0000 - 0x00007ff9861bb000 	C:\Windows\SYSTEM32\CRYPTSP.dll
0x00007ff985a00000 - 0x00007ff985a35000 	C:\Windows\system32\rsaenh.dll
0x00007ff986030000 - 0x00007ff98605c000 	C:\Windows\SYSTEM32\USERENV.dll
0x00007ff986380000 - 0x00007ff9863a8000 	C:\Windows\SYSTEM32\bcrypt.dll
0x00007ff986190000 - 0x00007ff98619c000 	C:\Windows\SYSTEM32\CRYPTBASE.dll
0x00007ff985520000 - 0x00007ff98554d000 	C:\Windows\SYSTEM32\IPHLPAPI.DLL
0x00007ff9886d0000 - 0x00007ff9886d9000 	C:\Windows\System32\NSI.dll
0x00007ff955fd0000 - 0x00007ff955fd9000 	C:\Program Files\Android\Android Studio\jbr\bin\extnet.dll
0x00007ff981a60000 - 0x00007ff981a68000 	C:\Windows\system32\wshunix.dll

dbghelp: loaded successfully - version: 4.0.5 - missing functions: none
symbol engine: initialized successfully - sym options: 0x614 - pdb path: .;C:\Program Files\Android\Android Studio\jbr\bin;C:\Windows\SYSTEM32;C:\Windows\WinSxS\amd64_microsoft.windows.common-controls_6595b64144ccf1df_6.0.22621.2506_none_270c5ae97388e100;C:\Program Files\Android\Android Studio\jbr\bin\server;C:\Users\asus\.gradle\native\c067742578af261105cb4f569cf0c3c89f3d7b1fecec35dd04571415982c5e48\windows-amd64;C:\Users\asus\.gradle\native\38dada09dfb8b06ba9b0570ebf7e218e3eb74d4ef43ca46872605cf95ebc2f47\windows-amd64

VM Arguments:
jvm_args: --add-opens=java.base/java.util=ALL-UNNAMED --add-opens=java.base/java.lang=ALL-UNNAMED --add-opens=java.base/java.lang.invoke=ALL-UNNAMED --add-opens=java.prefs/java.util.prefs=ALL-UNNAMED --add-opens=java.base/java.nio.charset=ALL-UNNAMED --add-opens=java.base/java.net=ALL-UNNAMED --add-opens=java.base/java.util.concurrent.atomic=ALL-UNNAMED -Xmx2048m -Dfile.encoding=UTF-8 -Duser.country=IN -Duser.language=en -Duser.variant -javaagent:C:\Users\asus\.gradle\wrapper\dists\gradle-8.7-bin\bhs2wmbdwecv87pi65oeuq5iu\gradle-8.7\lib\agents\gradle-instrumentation-agent-8.7.jar 
java_command: org.gradle.launcher.daemon.bootstrap.GradleDaemon 8.7
java_class_path (initial): C:\Users\asus\.gradle\wrapper\dists\gradle-8.7-bin\bhs2wmbdwecv87pi65oeuq5iu\gradle-8.7\lib\gradle-launcher-8.7.jar
Launcher Type: SUN_STANDARD

[Global flags]
     intx CICompilerCount                          = 4                                         {product} {ergonomic}
     uint ConcGCThreads                            = 2                                         {product} {ergonomic}
     uint G1ConcRefinementThreads                  = 8                                         {product} {ergonomic}
   size_t G1HeapRegionSize                         = 1048576                                   {product} {ergonomic}
    uintx GCDrainStackTargetSize                   = 64                                        {product} {ergonomic}
   size_t InitialHeapSize                          = 130023424                                 {product} {ergonomic}
   size_t MarkStackSize                            = 4194304                                   {product} {ergonomic}
   size_t MaxHeapSize                              = 2147483648                                {product} {command line}
   size_t MaxNewSize                               = 1287651328                                {product} {ergonomic}
   size_t MinHeapDeltaBytes                        = 1048576                                   {product} {ergonomic}
   size_t MinHeapSize                              = 8388608                                   {product} {ergonomic}
    uintx NonNMethodCodeHeapSize                   = 5839372                                {pd product} {ergonomic}
    uintx NonProfiledCodeHeapSize                  = 122909434                              {pd product} {ergonomic}
    uintx ProfiledCodeHeapSize                     = 122909434                              {pd product} {ergonomic}
    uintx ReservedCodeCacheSize                    = 251658240                              {pd product} {ergonomic}
     bool SegmentedCodeCache                       = true                                      {product} {ergonomic}
   size_t SoftMaxHeapSize                          = 2147483648                             {manageable} {ergonomic}
     bool UseCompressedOops                        = true                           {product lp64_product} {ergonomic}
     bool UseG1GC                                  = true                                      {product} {ergonomic}
     bool UseLargePagesIndividualAllocation        = false                                  {pd product} {ergonomic}

Logging:
Log output configuration:
 #0: stdout all=warning uptime,level,tags foldmultilines=false
 #1: stderr all=off uptime,level,tags foldmultilines=false

Environment Variables:
PATH=C:\Windows\system32;C:\Windows;C:\Windows\System32\Wbem;C:\Windows\System32\WindowsPowerShell\v1.0\;C:\Windows\System32\OpenSSH\;C:\Program Files\Git\cmd;C:\Users\asus\AppData\Local\Microsoft\WindowsApps;
USERNAME=asus
OS=Windows_NT
PROCESSOR_IDENTIFIER=Intel64 Family 6 Model 140 Stepping 1, GenuineIntel
TMP=C:\Users\asus\AppData\Local\Temp
TEMP=C:\Users\asus\AppData\Local\Temp




Periodic native trim disabled

JNI global refs:
JNI global refs: 26, weak refs: 0

JNI global refs memory usage: 835, weak refs: 833

Process memory usage:
Resident Set Size: 316984K (3% of 8074028K total physical memory with 387344K free physical memory)

OOME stack traces (most recent first):
Classloader memory used:
Loader org.gradle.internal.classloader.VisitableURLClassLoader                         : 29025K
Loader bootstrap                                                                       : 23127K
Loader org.gradle.initialization.MixInLegacyTypesClassLoader                           : 9116K
Loader org.gradle.internal.classloader.VisitableURLClassLoader$InstrumentingVisitableURLClassLoader: 5023K
Loader jdk.internal.loader.ClassLoaders$PlatformClassLoader                            : 518K
Loader jdk.internal.loader.ClassLoaders$AppClassLoader                                 : 230K
Loader org.gradle.internal.classloader.VisitableURLClassLoader                         : 164K
Loader jdk.internal.reflect.DelegatingClassLoader                                      : 123K

Classes loaded by more than one classloader:
Class Program                                                                         : loaded 4 times (x 70B)
Class com.google.common.base.Equivalence$Identity                                     : loaded 2 times (x 78B)
Class com.google.common.collect.RegularImmutableMap$KeySet                            : loaded 2 times (x 146B)
Class org.gradle.internal.classloader.FilteringClassLoader                            : loaded 2 times (x 101B)
Class [Lcom.google.common.base.AbstractIterator$State;                                : loaded 2 times (x 65B)
Class com.google.common.base.CharMatcher$IsEither                                     : loaded 2 times (x 107B)
Class org.gradle.internal.classloader.ClassLoaderHierarchy                            : loaded 2 times (x 66B)
Class com.google.common.util.concurrent.ExecutionError                                : loaded 2 times (x 78B)
Class com.google.common.collect.ImmutableList$1                                       : loaded 2 times (x 93B)
Class org.gradle.api.internal.classpath.ManifestUtil                                  : loaded 2 times (x 67B)
Class com.google.common.collect.RegularImmutableMap                                   : loaded 2 times (x 117B)
Class com.google.common.collect.ImmutableMap$MapViewOfValuesAsSingletonSets           : loaded 2 times (x 121B)
Class com.google.common.collect.UnmodifiableListIterator                              : loaded 2 times (x 91B)
Class [Lcom.google.common.cache.CacheBuilder$OneWeigher;                              : loaded 2 times (x 65B)
Class com.google.common.base.Suppliers                                                : loaded 2 times (x 67B)
Class com.google.common.base.Platform$JdkPatternCompiler                              : loaded 2 times (x 71B)
Class org.gradle.internal.classloader.DefaultClassLoaderFactory                       : loaded 2 times (x 78B)
Class com.google.common.base.CharMatcher$None                                         : loaded 2 times (x 108B)
Class org.gradle.internal.classloader.ClassLoaderVisitor                              : loaded 2 times (x 72B)
Class [Lcom.google.common.collect.ImmutableMapEntry;                                  : loaded 2 times (x 65B)
Class org.gradle.api.internal.classpath.EffectiveClassPath                            : loaded 2 times (x 86B)
Class com.google.common.collect.ImmutableEnumMap                                      : loaded 2 times (x 121B)
Class com.google.common.collect.ListMultimap                                          : loaded 2 times (x 66B)
Class com.google.common.base.Splitter                                                 : loaded 2 times (x 68B)
Class org.gradle.api.internal.DefaultClassPathProvider                                : loaded 2 times (x 72B)
Class [Lorg.gradle.api.internal.ClassPathProvider;                                    : loaded 2 times (x 65B)
Class org.gradle.api.internal.ClassPathProvider                                       : loaded 2 times (x 66B)
Class com.google.common.cache.LocalCache$LocalLoadingCache                            : loaded 2 times (x 130B)
Class com.google.common.base.AbstractIterator$State                                   : loaded 2 times (x 75B)
Class org.gradle.internal.service.UnknownServiceException                             : loaded 2 times (x 79B)
Class com.google.common.cache.LocalCache$Strength$1                                   : loaded 2 times (x 77B)
Class com.google.common.cache.LocalCache$Strength$2                                   : loaded 2 times (x 77B)
Class com.google.common.cache.LocalCache$Strength$3                                   : loaded 2 times (x 77B)
Class com.google.common.collect.MapDifference                                         : loaded 2 times (x 66B)
Class com.google.common.base.Splitter$1                                               : loaded 2 times (x 73B)
Class com.google.common.cache.CacheBuilder$NullListener                               : loaded 2 times (x 78B)
Class org.gradle.internal.classpath.TransformedClassPath                              : loaded 2 times (x 92B)
Class com.google.common.cache.CacheLoader$FunctionToCacheLoader                       : loaded 2 times (x 71B)
Class com.google.common.collect.Iterators$ArrayItr                                    : loaded 2 times (x 93B)
Class com.google.common.collect.ImmutableCollection$Builder                           : loaded 2 times (x 72B)
Class com.google.common.base.MoreObjects                                              : loaded 2 times (x 67B)
Class com.google.common.collect.Platform                                              : loaded 2 times (x 67B)
Class com.google.common.collect.UnmodifiableIterator                                  : loaded 2 times (x 76B)
Class org.gradle.internal.service.ServiceLocator                                      : loaded 2 times (x 66B)
Class com.google.common.cache.LocalCache$1                                            : loaded 2 times (x 85B)
Class com.google.common.collect.AbstractMapEntry                                      : loaded 2 times (x 77B)
Class com.google.common.cache.LocalCache$2                                            : loaded 2 times (x 138B)
Class com.google.common.collect.AbstractMultimap                                      : loaded 2 times (x 119B)
Class com.google.common.collect.RegularImmutableAsList                                : loaded 2 times (x 212B)
Class com.google.common.collect.Iterators                                             : loaded 2 times (x 67B)
Class com.google.common.base.CharMatcher$RangesMatcher                                : loaded 2 times (x 108B)
Class com.google.common.util.concurrent.UncheckedExecutionException                   : loaded 2 times (x 78B)
Class com.google.common.collect.Lists$StringAsImmutableList                           : loaded 2 times (x 203B)
Class org.gradle.kotlin.dsl.VersionCatalogAccessorsKt                                 : loaded 2 times (x 67B)
Class com.google.common.base.CharMatcher$JavaLetterOrDigit                            : loaded 2 times (x 107B)
Class org.gradle.internal.InternalTransformer                                         : loaded 2 times (x 66B)
Class com.google.common.cache.CacheLoader$UnsupportedLoadingOperationException        : loaded 2 times (x 78B)
Class com.google.common.base.CharMatcher$And                                          : loaded 2 times (x 108B)
Class org.gradle.internal.classloader.ClasspathUtil$1                                 : loaded 2 times (x 72B)
Class com.google.common.collect.IndexedImmutableSet                                   : loaded 2 times (x 146B)
Class com.google.common.collect.ImmutableMap$1                                        : loaded 2 times (x 77B)
Class com.google.common.collect.BiMap                                                 : loaded 2 times (x 66B)
Class org.gradle.api.internal.classpath.DefaultModuleRegistry$DefaultModule           : loaded 2 times (x 82B)
Class com.google.common.collect.AbstractIterator                                      : loaded 2 times (x 78B)
Class com.google.common.math.MathPreconditions                                        : loaded 2 times (x 67B)
Class com.google.common.collect.Multiset                                              : loaded 2 times (x 66B)
Class com.google.common.collect.ArrayListMultimapGwtSerializationDependencies         : loaded 2 times (x 168B)
Class com.google.common.collect.ObjectArrays                                          : loaded 2 times (x 67B)
Class com.google.common.collect.AbstractIndexedListIterator                           : loaded 2 times (x 92B)
Class com.google.common.collect.ImmutableMapEntrySet                                  : loaded 2 times (x 147B)
Class org.gradle.api.internal.classpath.Module                                        : loaded 2 times (x 66B)
Class com.google.common.cache.Weigher                                                 : loaded 2 times (x 66B)
Class org.gradle.api.internal.classpath.UnknownModuleException                        : loaded 2 times (x 78B)
Class org.gradle.cache.GlobalCache                                                    : loaded 2 times (x 66B)
Class com.google.common.cache.LocalCache$Strength                                     : loaded 2 times (x 77B)
Class com.google.common.cache.Cache                                                   : loaded 2 times (x 66B)
Class com.google.common.collect.ImmutableMap$Builder                                  : loaded 2 times (x 78B)
Class com.google.common.base.NullnessCasts                                            : loaded 2 times (x 67B)
Class com.google.common.cache.RemovalListener                                         : loaded 2 times (x 66B)
Class org.gradle.api.internal.DefaultClassPathRegistry                                : loaded 2 times (x 72B)
Class com.google.common.collect.Multimap                                              : loaded 2 times (x 66B)
Class org.gradle.api.internal.ClassPathRegistry                                       : loaded 2 times (x 66B)
Class org.gradle.internal.classpath.DefaultClassPath$ImmutableUniqueList              : loaded 2 times (x 195B)
Class com.google.common.cache.CacheBuilder                                            : loaded 2 times (x 68B)
Class com.google.common.collect.SingletonImmutableList                                : loaded 2 times (x 203B)
Class com.google.common.base.PairwiseEquivalence                                      : loaded 2 times (x 79B)
Class Settings_gradle$1                                                               : loaded 2 times (x 70B)
Class org.gradle.internal.classpath.ClassPath                                         : loaded 2 times (x 66B)
Class org.gradle.api.UncheckedIOException                                             : loaded 2 times (x 78B)
Class com.google.common.collect.ImmutableList$ReverseImmutableList                    : loaded 2 times (x 204B)
Class com.google.common.base.JdkPattern                                               : loaded 2 times (x 71B)
Class com.google.common.base.Suppliers$SupplierOfInstance                             : loaded 2 times (x 75B)
Class com.google.common.collect.Iterators$1                                           : loaded 2 times (x 77B)
Class com.google.common.cache.LocalCache$ComputingValueReference                      : loaded 2 times (x 92B)
Class com.google.common.collect.SingletonImmutableSet                                 : loaded 2 times (x 142B)
Class com.google.common.collect.ImmutableMap$IteratorBasedImmutableMap                : loaded 2 times (x 121B)
Class com.google.common.cache.LocalCache$Segment                                      : loaded 2 times (x 150B)
Class com.google.common.cache.CacheLoader                                             : loaded 2 times (x 70B)
Class com.google.common.collect.Iterators$4                                           : loaded 2 times (x 78B)
Class com.google.common.collect.ImmutableBiMap                                        : loaded 2 times (x 139B)
Class com.google.common.collect.AbstractListMultimap                                  : loaded 2 times (x 168B)
Class org.gradle.internal.installation.GradleInstallation$1                           : loaded 2 times (x 71B)
Class org.gradle.api.internal.classpath.ModuleRegistry                                : loaded 2 times (x 66B)
Class com.google.common.collect.Iterators$5                                           : loaded 2 times (x 78B)
Class com.google.common.collect.ImmutableSet$JdkBackedSetBuilderImpl                  : loaded 2 times (x 72B)
Class com.google.common.base.Splitter$SplittingIterator                               : loaded 2 times (x 80B)
Class com.google.common.cache.LocalCache$LocalManualCache$1                           : loaded 2 times (x 71B)
Class com.google.common.base.CharMatcher$ForPredicate                                 : loaded 2 times (x 108B)
Class com.google.common.collect.ImmutableCollection                                   : loaded 2 times (x 121B)
Class com.google.common.base.CharMatcher$AnyOf                                        : loaded 2 times (x 108B)
Class org.gradle.api.internal.classpath.DefaultModuleRegistry                         : loaded 2 times (x 82B)
Class com.google.common.cache.ReferenceEntry                                          : loaded 2 times (x 66B)
Class com.google.common.collect.ImmutableSet$CachingAsList                            : loaded 2 times (x 143B)
Class com.google.common.base.Converter                                                : loaded 2 times (x 86B)
Class com.google.common.collect.Lists                                                 : loaded 2 times (x 67B)
Class com.google.common.base.CharMatcher$Any                                          : loaded 2 times (x 108B)
Class com.google.common.base.FunctionalEquivalence                                    : loaded 2 times (x 79B)
Class com.google.common.collect.Iterators$9                                           : loaded 2 times (x 77B)
Class com.google.common.collect.AbstractMapBasedMultimap                              : loaded 2 times (x 135B)
Class com.google.common.collect.ImmutableAsList                                       : loaded 2 times (x 205B)
Class com.google.common.cache.CacheLoader$SupplierToCacheLoader                       : loaded 2 times (x 71B)
Class com.google.common.collect.Maps$EntryTransformer                                 : loaded 2 times (x 66B)
Class org.gradle.internal.service.ServiceLookupException                              : loaded 2 times (x 78B)
Class [Lcom.google.common.cache.LocalCache$EntryFactory;                              : loaded 2 times (x 65B)
Class com.google.common.base.CharMatcher$JavaLetter                                   : loaded 2 times (x 107B)
Class org.gradle.internal.classloader.ClassLoaderFactory                              : loaded 2 times (x 66B)
Class com.google.common.cache.LocalCache$LocalManualCache                             : loaded 2 times (x 95B)
Class com.google.common.base.CharMatcher$IsNot                                        : loaded 2 times (x 107B)
Class com.google.common.base.CommonPattern                                            : loaded 2 times (x 70B)
Class org.gradle.internal.service.CachingServiceLocator                               : loaded 2 times (x 78B)
Class com.google.common.math.IntMath                                                  : loaded 2 times (x 67B)
Class com.google.common.collect.Iterators$10                                          : loaded 2 times (x 77B)
Class com.google.common.collect.ImmutableMapEntry                                     : loaded 2 times (x 81B)
Class com.google.common.base.CharMatcher$JavaDigit                                    : loaded 2 times (x 107B)
Class com.google.common.base.Equivalence                                              : loaded 2 times (x 78B)
Class com.google.common.collect.ImmutableMapEntry$NonTerminalImmutableMapEntry        : loaded 2 times (x 81B)
Class com.google.common.base.Function                                                 : loaded 2 times (x 66B)
Class com.google.common.cache.CacheBuilder$OneWeigher                                 : loaded 2 times (x 78B)
Class com.google.common.collect.RegularImmutableList                                  : loaded 2 times (x 208B)
Class com.google.common.collect.ImmutableBiMapFauxverideShim                          : loaded 2 times (x 116B)
Class org.gradle.internal.classloader.ClasspathUtil                                   : loaded 2 times (x 67B)
Class com.google.common.collect.Maps                                                  : loaded 2 times (x 67B)
Class com.google.common.base.CharMatcher$JavaUpperCase                                : loaded 2 times (x 107B)
Class org.gradle.api.specs.Spec                                                       : loaded 2 times (x 66B)
Class [Lcom.google.common.collect.ImmutableEntry;                                     : loaded 2 times (x 65B)
Class com.google.common.cache.LocalCache$LoadingValueReference                        : loaded 2 times (x 92B)
Class com.google.common.base.Platform                                                 : loaded 2 times (x 67B)
Class Build_gradle$1                                                                  : loaded 2 times (x 74B)
Class com.google.common.collect.Maps$8                                                : loaded 2 times (x 78B)
Class com.google.common.base.CharMatcher$Invisible                                    : loaded 2 times (x 108B)
Class org.gradle.internal.classloader.VisitableURLClassLoader$InstrumentingVisitableURLClassLoader: loaded 2 times (x 119B)
Class [Lcom.google.common.cache.CacheBuilder$NullListener;                            : loaded 2 times (x 65B)
Class com.google.common.math.IntMath$1                                                : loaded 2 times (x 67B)
Class org.gradle.internal.classloader.VisitableURLClassLoader$Spec                    : loaded 2 times (x 70B)
Class org.gradle.internal.classpath.DefaultClassPath                                  : loaded 2 times (x 86B)
Class com.google.common.base.AbstractIterator                                         : loaded 2 times (x 76B)
Class com.google.common.collect.ImmutableSet                                          : loaded 2 times (x 141B)
Class com.google.common.collect.RegularImmutableMap$Values                            : loaded 2 times (x 203B)
Class com.google.common.base.CharMatcher$BitSetMatcher                                : loaded 2 times (x 108B)
Class com.google.common.base.CharMatcher$Ascii                                        : loaded 2 times (x 108B)
Class org.gradle.internal.classloader.ClassLoaderSpec                                 : loaded 2 times (x 67B)
Class com.google.common.cache.CacheStats                                              : loaded 2 times (x 67B)
Class com.google.common.base.CharMatcher$Or                                           : loaded 2 times (x 108B)
Class Settings_gradle$1$1                                                             : loaded 2 times (x 70B)
Class com.google.common.base.Supplier                                                 : loaded 2 times (x 66B)
Class org.gradle.internal.classloader.VisitableURLClassLoader                         : loaded 2 times (x 113B)
Class Settings_gradle                                                                 : loaded 2 times (x 124B)
Class org.gradle.internal.Cast                                                        : loaded 2 times (x 67B)
Class org.gradle.api.Action                                                           : loaded 2 times (x 66B)
Class com.google.common.base.Ticker                                                   : loaded 2 times (x 68B)
Class com.google.common.base.Strings                                                  : loaded 2 times (x 67B)
Class com.google.common.base.CharMatcher$FastMatcher                                  : loaded 2 times (x 107B)
Class org.gradle.internal.agents.InstrumentingClassLoader                             : loaded 2 times (x 66B)
Class [Lcom.google.common.cache.LocalCache$Segment;                                   : loaded 2 times (x 65B)
Class [Lcom.google.common.cache.LocalCache$Strength;                                  : loaded 2 times (x 65B)
Class com.google.common.cache.CacheBuilder$1                                          : loaded 2 times (x 81B)
Class com.google.common.collect.ImmutableMap                                          : loaded 2 times (x 116B)
Class com.google.common.base.Predicate                                                : loaded 2 times (x 66B)
Class org.gradle.internal.classpath.DefaultClassPath$ImmutableUniqueList$Builder      : loaded 2 times (x 71B)
Class com.google.common.cache.LocalCache                                              : loaded 2 times (x 183B)
Class com.google.common.cache.CacheBuilder$2                                          : loaded 2 times (x 68B)
Class com.google.common.base.CharMatcher$NegatedFastMatcher                           : loaded 2 times (x 109B)
Class [Lcom.google.common.collect.AbstractMapEntry;                                   : loaded 2 times (x 65B)
Class com.google.common.collect.ImmutableEntry                                        : loaded 2 times (x 78B)
Class com.google.common.collect.ArrayListMultimap                                     : loaded 2 times (x 168B)
Class com.google.common.base.AbstractIterator$1                                       : loaded 2 times (x 67B)
Class com.google.common.base.CharMatcher$Digit                                        : loaded 2 times (x 108B)
Class org.gradle.api.GradleException                                                  : loaded 2 times (x 78B)
Class com.google.common.collect.CollectPreconditions                                  : loaded 2 times (x 67B)
Class com.google.common.base.CharMatcher$JavaIsoControl                               : loaded 2 times (x 108B)
Class com.google.common.collect.SortedMapDifference                                   : loaded 2 times (x 66B)
Class com.google.common.base.CharMatcher$JavaLowerCase                                : loaded 2 times (x 107B)
Class com.google.common.cache.LocalCache$EntryFactory                                 : loaded 2 times (x 79B)
Class com.google.common.base.Splitter$1$1                                             : loaded 2 times (x 82B)
Class com.google.common.base.CharMatcher$Whitespace                                   : loaded 2 times (x 108B)
Class org.gradle.internal.IoActions                                                   : loaded 2 times (x 67B)
Class com.google.common.cache.CacheLoader$InvalidCacheLoadException                   : loaded 2 times (x 78B)
Class com.google.common.collect.ImmutableSet$RegularSetBuilderImpl                    : loaded 2 times (x 73B)
Class com.google.common.base.CharMatcher$SingleWidth                                  : loaded 2 times (x 108B)
Class org.gradle.internal.classloader.SystemClassLoaderSpec                           : loaded 2 times (x 67B)
Class com.google.common.cache.LoadingCache                                            : loaded 2 times (x 66B)
Class [Lcom.google.common.cache.Weigher;                                              : loaded 2 times (x 65B)
Class com.google.common.collect.RegularImmutableMap$BucketOverflowException           : loaded 2 times (x 78B)
Class com.google.common.cache.LocalCache$ValueReference                               : loaded 2 times (x 66B)
Class com.google.common.base.CharMatcher$Negated                                      : loaded 2 times (x 109B)
Class com.google.common.base.CharMatcher$Is                                           : loaded 2 times (x 107B)
Class com.google.common.base.Equivalence$Equals                                       : loaded 2 times (x 78B)
Class com.google.common.collect.Hashing                                               : loaded 2 times (x 67B)
Class com.google.common.base.PatternCompiler                                          : loaded 2 times (x 66B)
Class com.google.common.base.Preconditions                                            : loaded 2 times (x 67B)
Class com.google.common.collect.PeekingIterator                                       : loaded 2 times (x 66B)
Class com.google.common.base.CharMatcher                                              : loaded 2 times (x 107B)
Class com.google.common.cache.LocalCache$EntryFactory$1                               : loaded 2 times (x 79B)
Class [Lcom.google.common.cache.RemovalListener;                                      : loaded 2 times (x 65B)
Class com.google.common.base.CharMatcher$1                                            : loaded 2 times (x 109B)
Class com.google.common.base.CharMatcher$NamedFastMatcher                             : loaded 2 times (x 108B)
Class com.google.common.cache.LocalCache$EntryFactory$2                               : loaded 2 times (x 79B)
Class com.google.common.cache.LocalCache$EntryFactory$3                               : loaded 2 times (x 79B)
Class com.google.common.base.Ticker$1                                                 : loaded 2 times (x 68B)
Class com.google.common.collect.ImmutableMapEntrySet$RegularEntrySet                  : loaded 2 times (x 147B)
Class com.google.common.collect.Maps$BiMapConverter                                   : loaded 2 times (x 86B)
Class com.google.common.cache.LocalCache$EntryFactory$4                               : loaded 2 times (x 79B)
Class com.google.common.collect.ImmutableSet$Builder                                  : loaded 2 times (x 81B)
Class com.google.common.base.CharMatcher$InRange                                      : loaded 2 times (x 107B)
Class com.google.common.cache.LocalCache$EntryFactory$5                               : loaded 2 times (x 79B)
Class com.google.common.cache.LocalCache$EntryFactory$6                               : loaded 2 times (x 79B)
Class Build_gradle                                                                    : loaded 2 times (x 68B)
Class org.gradle.internal.installation.CurrentGradleInstallationLocator               : loaded 2 times (x 67B)
Class com.google.common.cache.LocalCache$EntryFactory$7                               : loaded 2 times (x 79B)
Class com.google.common.collect.ImmutableSet$EmptySetBuilderImpl                      : loaded 2 times (x 72B)
Class com.google.common.collect.ImmutableList                                         : loaded 2 times (x 202B)
Class org.gradle.internal.service.DefaultServiceLocator                               : loaded 2 times (x 79B)
Class com.google.common.cache.LocalCache$EntryFactory$8                               : loaded 2 times (x 79B)
Class com.google.common.collect.ImmutableSet$SetBuilderImpl                           : loaded 2 times (x 72B)
Class org.gradle.internal.installation.CurrentGradleInstallation                      : loaded 2 times (x 69B)
Class com.google.common.cache.CacheLoader$1                                           : loaded 2 times (x 71B)
Class com.google.common.collect.ImmutableList$SubList                                 : loaded 2 times (x 204B)
Class org.gradle.util.internal.GUtil                                                  : loaded 2 times (x 67B)
Class com.google.common.cache.AbstractCache$StatsCounter                              : loaded 2 times (x 66B)
Class com.google.common.collect.Iterators$MergingIterator                             : loaded 2 times (x 77B)
Class com.google.common.collect.RegularImmutableSet                                   : loaded 2 times (x 144B)
Class org.gradle.internal.installation.GradleInstallation                             : loaded 2 times (x 71B)
Class com.google.common.collect.Iterables                                             : loaded 2 times (x 67B)
Class com.google.common.base.Splitter$Strategy                                        : loaded 2 times (x 66B)

---------------  S Y S T E M  ---------------

OS:
 Windows 11 , 64 bit Build 22621 (10.0.22621.2506)
OS uptime: 1 days 20:53 hours

CPU: total 8 (initial active 8) (4 cores per cpu, 2 threads per core) family 6 model 140 stepping 1 microcode 0x86, cx8, cmov, fxsr, ht, mmx, 3dnowpref, sse, sse2, sse3, ssse3, sse4.1, sse4.2, popcnt, lzcnt, tsc, tscinvbit, avx, avx2, aes, erms, clmul, bmi1, bmi2, adx, avx512f, avx512dq, avx512cd, avx512bw, avx512vl, sha, fma, vzeroupper, avx512_vpopcntdq, avx512_vpclmulqdq, avx512_vaes, avx512_vnni, clflush, clflushopt, clwb, avx512_vbmi2, avx512_vbmi, rdtscp, rdpid, fsrm, gfni, avx512_bitalg, f16c, pku, cet_ibt, cet_ss, avx512_ifma
Processor Information for all 8 processors :
  Max Mhz: 2419, Current Mhz: 2419, Mhz Limit: 2419

Memory: 4k page, system-wide physical 7884M (376M free)
TotalPageFile size 20509M (AvailPageFile size 5M)
current process WorkingSet (physical memory assigned to process): 310M, peak: 310M
current process commit charge ("private bytes"): 346M, peak: 348M

vm_info: OpenJDK 64-Bit Server VM (21.0.4+-12508038-b607.1) for windows-amd64 JRE (21.0.4+-12508038-b607.1), built on 2024-10-16T17:23:34Z by "builder" with MS VC++ 16.10 / 16.11 (VS2019)

END.
